CRITICAL - 2026-07-24 07:05:08 --> Error: Class "App\Models\HeroModel" not found
[Method: GET, Route: /]
in APPPATH\Controllers\Home.php on line 22.
 1 SYSTEMPATH\CodeIgniter.php(944): App\Controllers\Home->__construct()
 2 SYSTEMPATH\CodeIgniter.php(511): CodeIgniter\CodeIgniter->createController()
 3 SYSTEMPATH\CodeIgniter.php(363): CodeIgniter\CodeIgniter->handleRequest(null, Object(Config\Cache), false)
 4 SYSTEMPATH\Boot.php(417): CodeIgniter\CodeIgniter->run()
 5 SYSTEMPATH\Boot.php(68): CodeIgniter\Boot::runCodeIgniter(Object(CodeIgniter\CodeIgniter))
 6 FCPATH\index.php(59): CodeIgniter\Boot::bootWeb(Object(Config\Paths))
 7 SYSTEMPATH\rewrite.php(44): require_once('C:\\Users\\Hawwin rosyada\\Downloads\\MSI 01\\codeigniter4-framework-ab9bf33\\public\\index.php')
CRITICAL - 2026-07-24 07:05:11 --> Error: Class "App\Models\HeroModel" not found
[Method: GET, Route: /]
in APPPATH\Controllers\Home.php on line 22.
 1 SYSTEMPATH\CodeIgniter.php(944): App\Controllers\Home->__construct()
 2 SYSTEMPATH\CodeIgniter.php(511): CodeIgniter\CodeIgniter->createController()
 3 SYSTEMPATH\CodeIgniter.php(363): CodeIgniter\CodeIgniter->handleRequest(null, Object(Config\Cache), false)
 4 SYSTEMPATH\Boot.php(417): CodeIgniter\CodeIgniter->run()
 5 SYSTEMPATH\Boot.php(68): CodeIgniter\Boot::runCodeIgniter(Object(CodeIgniter\CodeIgniter))
 6 FCPATH\index.php(59): CodeIgniter\Boot::bootWeb(Object(Config\Paths))
 7 SYSTEMPATH\rewrite.php(44): require_once('C:\\Users\\Hawwin rosyada\\Downloads\\MSI 01\\codeigniter4-framework-ab9bf33\\public\\index.php')
ERROR - 2026-07-24 07:18:48 --> Table 'madrasahku_db.settings' doesn't exist
in SYSTEMPATH\Database\MySQLi\Connection.php on line 300.
 1 SYSTEMPATH\Database\MySQLi\Connection.php(300): mysqli->query('SELECT *
FROM `settings`', 0)
 2 SYSTEMPATH\Database\BaseConnection.php(908): CodeIgniter\Database\MySQLi\Connection->execute('SELECT *
FROM `settings`')
 3 SYSTEMPATH\Database\BaseConnection.php(825): CodeIgniter\Database\BaseConnection->simpleQuery('SELECT *
FROM `settings`')
 4 SYSTEMPATH\Database\BaseBuilder.php(1647): CodeIgniter\Database\BaseConnection->query('SELECT *
FROM `settings`', [], false)
 5 APPPATH\Models\HomeModel.php(16): CodeIgniter\Database\BaseBuilder->get()
 6 APPPATH\Controllers\Home.php(32): App\Models\HomeModel->getSettings()
 7 SYSTEMPATH\CodeIgniter.php(974): App\Controllers\Home->index()
 8 SYSTEMPATH\CodeIgniter.php(520): CodeIgniter\CodeIgniter->runController(Object(App\Controllers\Home))
 9 SYSTEMPATH\CodeIgniter.php(363): CodeIgniter\CodeIgniter->handleRequest(null, Object(Config\Cache), false)
10 SYSTEMPATH\Boot.php(417): CodeIgniter\CodeIgniter->run()
11 SYSTEMPATH\Boot.php(68): CodeIgniter\Boot::runCodeIgniter(Object(CodeIgniter\CodeIgniter))
12 FCPATH\index.php(59): CodeIgniter\Boot::bootWeb(Object(Config\Paths))
13 SYSTEMPATH\rewrite.php(44): require_once('C:\\Users\\Hawwin rosyada\\Downloads\\MSI 01\\codeigniter4-framework-ab9bf33\\public\\index.php')
CRITICAL - 2026-07-24 07:18:48 --> CodeIgniter\Database\Exceptions\DatabaseException: Table 'madrasahku_db.settings' doesn't exist
[Method: GET, Route: /]
in SYSTEMPATH\Database\BaseConnection.php on line 863.
 1 SYSTEMPATH\Database\BaseBuilder.php(1647): CodeIgniter\Database\BaseConnection->query('SELECT *
FROM `settings`', [], false)
 2 APPPATH\Models\HomeModel.php(16): CodeIgniter\Database\BaseBuilder->get()
 3 APPPATH\Controllers\Home.php(32): App\Models\HomeModel->getSettings()
 4 SYSTEMPATH\CodeIgniter.php(974): App\Controllers\Home->index()
 5 SYSTEMPATH\CodeIgniter.php(520): CodeIgniter\CodeIgniter->runController(Object(App\Controllers\Home))
 6 SYSTEMPATH\CodeIgniter.php(363): CodeIgniter\CodeIgniter->handleRequest(null, Object(Config\Cache), false)
 7 SYSTEMPATH\Boot.php(417): CodeIgniter\CodeIgniter->run()
 8 SYSTEMPATH\Boot.php(68): CodeIgniter\Boot::runCodeIgniter(Object(CodeIgniter\CodeIgniter))
 9 FCPATH\index.php(59): CodeIgniter\Boot::bootWeb(Object(Config\Paths))
10 SYSTEMPATH\rewrite.php(44): require_once('C:\\Users\\Hawwin rosyada\\Downloads\\MSI 01\\codeigniter4-framework-ab9bf33\\public\\index.php')
CRITICAL - 2026-07-24 07:18:48 --> [Caused by] CodeIgniter\Database\Exceptions\DatabaseException: Table 'madrasahku_db.settings' doesn't exist
in SYSTEMPATH\Database\MySQLi\Connection.php on line 310.
 1 SYSTEMPATH\Database\BaseConnection.php(908): CodeIgniter\Database\MySQLi\Connection->execute('SELECT *
FROM `settings`')
 2 SYSTEMPATH\Database\BaseConnection.php(825): CodeIgniter\Database\BaseConnection->simpleQuery('SELECT *
FROM `settings`')
 3 SYSTEMPATH\Database\BaseBuilder.php(1647): CodeIgniter\Database\BaseConnection->query('SELECT *
FROM `settings`', [], false)
 4 APPPATH\Models\HomeModel.php(16): CodeIgniter\Database\BaseBuilder->get()
 5 APPPATH\Controllers\Home.php(32): App\Models\HomeModel->getSettings()
 6 SYSTEMPATH\CodeIgniter.php(974): App\Controllers\Home->index()
 7 SYSTEMPATH\CodeIgniter.php(520): CodeIgniter\CodeIgniter->runController(Object(App\Controllers\Home))
 8 SYSTEMPATH\CodeIgniter.php(363): CodeIgniter\CodeIgniter->handleRequest(null, Object(Config\Cache), false)
 9 SYSTEMPATH\Boot.php(417): CodeIgniter\CodeIgniter->run()
10 SYSTEMPATH\Boot.php(68): CodeIgniter\Boot::runCodeIgniter(Object(CodeIgniter\CodeIgniter))
11 FCPATH\index.php(59): CodeIgniter\Boot::bootWeb(Object(Config\Paths))
12 SYSTEMPATH\rewrite.php(44): require_once('C:\\Users\\Hawwin rosyada\\Downloads\\MSI 01\\codeigniter4-framework-ab9bf33\\public\\index.php')
CRITICAL - 2026-07-24 07:18:48 --> [Caused by] mysqli_sql_exception: Table 'madrasahku_db.settings' doesn't exist
in SYSTEMPATH\Database\MySQLi\Connection.php on line 300.
 1 SYSTEMPATH\Database\MySQLi\Connection.php(300): mysqli->query('SELECT *
FROM `settings`', 0)
 2 SYSTEMPATH\Database\BaseConnection.php(908): CodeIgniter\Database\MySQLi\Connection->execute('SELECT *
FROM `settings`')
 3 SYSTEMPATH\Database\BaseConnection.php(825): CodeIgniter\Database\BaseConnection->simpleQuery('SELECT *
FROM `settings`')
 4 SYSTEMPATH\Database\BaseBuilder.php(1647): CodeIgniter\Database\BaseConnection->query('SELECT *
FROM `settings`', [], false)
 5 APPPATH\Models\HomeModel.php(16): CodeIgniter\Database\BaseBuilder->get()
 6 APPPATH\Controllers\Home.php(32): App\Models\HomeModel->getSettings()
 7 SYSTEMPATH\CodeIgniter.php(974): App\Controllers\Home->index()
 8 SYSTEMPATH\CodeIgniter.php(520): CodeIgniter\CodeIgniter->runController(Object(App\Controllers\Home))
 9 SYSTEMPATH\CodeIgniter.php(363): CodeIgniter\CodeIgniter->handleRequest(null, Object(Config\Cache), false)
10 SYSTEMPATH\Boot.php(417): CodeIgniter\CodeIgniter->run()
11 SYSTEMPATH\Boot.php(68): CodeIgniter\Boot::runCodeIgniter(Object(CodeIgniter\CodeIgniter))
12 FCPATH\index.php(59): CodeIgniter\Boot::bootWeb(Object(Config\Paths))
13 SYSTEMPATH\rewrite.php(44): require_once('C:\\Users\\Hawwin rosyada\\Downloads\\MSI 01\\codeigniter4-framework-ab9bf33\\public\\index.php')
CRITICAL - 2026-07-24 07:26:11 --> CodeIgniter\View\Exceptions\ViewException: Invalid file: "home/index.php"
[Method: GET, Route: /]
in SYSTEMPATH\Exceptions\FrameworkException.php on line 39.
 1 SYSTEMPATH\View\View.php(228): CodeIgniter\Exceptions\FrameworkException::forInvalidFile('home/index.php')
 2 SYSTEMPATH\Common.php(1254): CodeIgniter\View\View->render('home/index', [], true)
 3 APPPATH\Controllers\Home.php(40): view('home/index', [...])
 4 SYSTEMPATH\CodeIgniter.php(974): App\Controllers\Home->index()
 5 SYSTEMPATH\CodeIgniter.php(520): CodeIgniter\CodeIgniter->runController(Object(App\Controllers\Home))
 6 SYSTEMPATH\CodeIgniter.php(363): CodeIgniter\CodeIgniter->handleRequest(null, Object(Config\Cache), false)
 7 SYSTEMPATH\Boot.php(417): CodeIgniter\CodeIgniter->run()
 8 SYSTEMPATH\Boot.php(68): CodeIgniter\Boot::runCodeIgniter(Object(CodeIgniter\CodeIgniter))
 9 FCPATH\index.php(59): CodeIgniter\Boot::bootWeb(Object(Config\Paths))
10 SYSTEMPATH\rewrite.php(44): require_once('C:\\Users\\Hawwin rosyada\\Downloads\\MSI 01\\codeigniter4-framework-ab9bf33\\public\\index.php')
CRITICAL - 2026-07-24 07:32:44 --> CodeIgniter\View\Exceptions\ViewException: Invalid file: "layout/main.php"
[Method: GET, Route: /]
in SYSTEMPATH\Exceptions\FrameworkException.php on line 39.
 1 SYSTEMPATH\View\View.php(228): CodeIgniter\Exceptions\FrameworkException::forInvalidFile('layout/main.php')
 2 SYSTEMPATH\View\View.php(256): CodeIgniter\View\View->render('layout/main', [], true)
 3 SYSTEMPATH\Common.php(1254): CodeIgniter\View\View->render('home/index', [], true)
 4 APPPATH\Controllers\Home.php(40): view('home/index', [...])
 5 SYSTEMPATH\CodeIgniter.php(974): App\Controllers\Home->index()
 6 SYSTEMPATH\CodeIgniter.php(520): CodeIgniter\CodeIgniter->runController(Object(App\Controllers\Home))
 7 SYSTEMPATH\CodeIgniter.php(363): CodeIgniter\CodeIgniter->handleRequest(null, Object(Config\Cache), false)
 8 SYSTEMPATH\Boot.php(417): CodeIgniter\CodeIgniter->run()
 9 SYSTEMPATH\Boot.php(68): CodeIgniter\Boot::runCodeIgniter(Object(CodeIgniter\CodeIgniter))
10 FCPATH\index.php(59): CodeIgniter\Boot::bootWeb(Object(Config\Paths))
11 SYSTEMPATH\rewrite.php(44): require_once('C:\\Users\\Hawwin rosyada\\Downloads\\MSI 01\\codeigniter4-framework-ab9bf33\\public\\index.php')
CRITICAL - 2026-07-24 07:35:09 --> Error: Cannot access protected property CodeIgniter\HTTP\IncomingRequest::$uri
[Method: GET, Route: /]
in APPPATH\Views\layout\main.php on line 78.
 1 SYSTEMPATH\View\View.php(240): include()
 2 SYSTEMPATH\View\View.php(243): CodeIgniter\View\View->CodeIgniter\View\{closure}()
 3 SYSTEMPATH\View\View.php(256): CodeIgniter\View\View->render('layout/main', [], true)
 4 SYSTEMPATH\Common.php(1254): CodeIgniter\View\View->render('home/index', [], true)
 5 APPPATH\Controllers\Home.php(40): view('home/index', [...])
 6 SYSTEMPATH\CodeIgniter.php(974): App\Controllers\Home->index()
 7 SYSTEMPATH\CodeIgniter.php(520): CodeIgniter\CodeIgniter->runController(Object(App\Controllers\Home))
 8 SYSTEMPATH\CodeIgniter.php(363): CodeIgniter\CodeIgniter->handleRequest(null, Object(Config\Cache), false)
 9 SYSTEMPATH\Boot.php(417): CodeIgniter\CodeIgniter->run()
10 SYSTEMPATH\Boot.php(68): CodeIgniter\Boot::runCodeIgniter(Object(CodeIgniter\CodeIgniter))
11 FCPATH\index.php(59): CodeIgniter\Boot::bootWeb(Object(Config\Paths))
12 SYSTEMPATH\rewrite.php(44): require_once('C:\\Users\\Hawwin rosyada\\Downloads\\MSI 01\\codeigniter4-framework-ab9bf33\\public\\index.php')
