DEBUG - 2026-08-10 06:16:48 --> Session: Class initialized using 'CodeIgniter\Session\Handlers\FileHandler' driver.
DEBUG - 2026-08-10 06:16:56 --> Session: Class initialized using 'CodeIgniter\Session\Handlers\FileHandler' driver.
DEBUG - 2026-08-10 06:43:23 --> Session: Class initialized using 'CodeIgniter\Session\Handlers\FileHandler' driver.
CRITICAL - 2026-08-10 06:43:23 --> CodeIgniter\Exceptions\RuntimeException: View themes, no current section.
[Method: GET, Route: spmbm/form]
in SYSTEMPATH\View\View.php on line 444.
 1 APPPATH\Views\Spmbm\form.php(378): CodeIgniter\View\View->endSection()
 2 SYSTEMPATH\View\View.php(240): include('C:\\Users\\Hawwin rosyada\\Downloads\\MSI 01\\codeigniter4-framework-ab9bf33\\app\\Views\\Spmbm\\form.php')
 3 SYSTEMPATH\View\View.php(243): CodeIgniter\View\View->CodeIgniter\View\{closure}()
 4 SYSTEMPATH\Common.php(1254): CodeIgniter\View\View->render('spmbm/form', [], true)
 5 APPPATH\Controllers\Spmbm.php(83): view('spmbm/form', [...])
 6 SYSTEMPATH\CodeIgniter.php(974): App\Controllers\Spmbm->form()
 7 SYSTEMPATH\CodeIgniter.php(520): CodeIgniter\CodeIgniter->runController(Object(App\Controllers\Spmbm))
 8 SYSTEMPATH\CodeIgniter.php(363): CodeIgniter\CodeIgniter->handleRequest(null, Object(Config\Cache), false)
 9 SYSTEMPATH\Boot.php(417): CodeIgniter\CodeIgniter->run()
10 SYSTEMPATH\Boot.php(68): CodeIgniter\Boot::runCodeIgniter(Object(CodeIgniter\CodeIgniter))
11 FCPATH\index.php(59): CodeIgniter\Boot::bootWeb(Object(Config\Paths))
12 SYSTEMPATH\rewrite.php(44): require_once('C:\\Users\\Hawwin rosyada\\Downloads\\MSI 01\\codeigniter4-framework-ab9bf33\\public\\index.php')
DEBUG - 2026-08-10 06:50:04 --> Session: Class initialized using 'CodeIgniter\Session\Handlers\FileHandler' driver.
DEBUG - 2026-08-10 06:51:21 --> Session: Class initialized using 'CodeIgniter\Session\Handlers\FileHandler' driver.
