ERROR - 2026-08-15 09:36:39 --> Error connecting to the database: mysqli_sql_exception: No connection could be made because the target machine actively refused it in C:\laragon\www\madrasahku-msi01\system\Database\MySQLi\Connection.php:201
Stack trace:
#0 C:\laragon\www\madrasahku-msi01\system\Database\MySQLi\Connection.php(201): mysqli->real_connect('localhost', 'root', Object(SensitiveParameterValue), 'madrasahku', 3306, '', 0)
#1 C:\laragon\www\madrasahku-msi01\system\Database\BaseConnection.php(555): CodeIgniter\Database\MySQLi\Connection->connect(false)
#2 C:\laragon\www\madrasahku-msi01\system\Database\BaseConnection.php(795): CodeIgniter\Database\BaseConnection->initialize()
#3 C:\laragon\www\madrasahku-msi01\system\Database\BaseBuilder.php(1647): CodeIgniter\Database\BaseConnection->query('SELECT *\nFROM `...', Array, false)
#4 C:\laragon\www\madrasahku-msi01\app\Models\HomeModel.php(16): CodeIgniter\Database\BaseBuilder->get()
#5 C:\laragon\www\madrasahku-msi01\app\Controllers\Home.php(32): App\Models\HomeModel->getSettings()
#6 C:\laragon\www\madrasahku-msi01\system\CodeIgniter.php(974): App\Controllers\Home->index()
#7 C:\laragon\www\madrasahku-msi01\system\CodeIgniter.php(520): CodeIgniter\CodeIgniter->runController(Object(App\Controllers\Home))
#8 C:\laragon\www\madrasahku-msi01\system\CodeIgniter.php(363): CodeIgniter\CodeIgniter->handleRequest(NULL, Object(Config\Cache), false)
#9 C:\laragon\www\madrasahku-msi01\system\Boot.php(417): CodeIgniter\CodeIgniter->run()
#10 C:\laragon\www\madrasahku-msi01\system\Boot.php(68): CodeIgniter\Boot::runCodeIgniter(Object(CodeIgniter\CodeIgniter))
#11 C:\laragon\www\madrasahku-msi01\public\index.php(59): CodeIgniter\Boot::bootWeb(Object(Config\Paths))
#12 C:\laragon\www\madrasahku-msi01\system\rewrite.php(44): require_once('C:\\laragon\\www\\...')
#13 {main}

Next CodeIgniter\Database\Exceptions\DatabaseException: No connection could be made because the target machine actively refused it in C:\laragon\www\madrasahku-msi01\system\Database\MySQLi\Connection.php:231
Stack trace:
#0 C:\laragon\www\madrasahku-msi01\system\Database\BaseConnection.php(555): CodeIgniter\Database\MySQLi\Connection->connect(false)
#1 C:\laragon\www\madrasahku-msi01\system\Database\BaseConnection.php(795): CodeIgniter\Database\BaseConnection->initialize()
#2 C:\laragon\www\madrasahku-msi01\system\Database\BaseBuilder.php(1647): CodeIgniter\Database\BaseConnection->query('SELECT *\nFROM `...', Array, false)
#3 C:\laragon\www\madrasahku-msi01\app\Models\HomeModel.php(16): CodeIgniter\Database\BaseBuilder->get()
#4 C:\laragon\www\madrasahku-msi01\app\Controllers\Home.php(32): App\Models\HomeModel->getSettings()
#5 C:\laragon\www\madrasahku-msi01\system\CodeIgniter.php(974): App\Controllers\Home->index()
#6 C:\laragon\www\madrasahku-msi01\system\CodeIgniter.php(520): CodeIgniter\CodeIgniter->runController(Object(App\Controllers\Home))
#7 C:\laragon\www\madrasahku-msi01\system\CodeIgniter.php(363): CodeIgniter\CodeIgniter->handleRequest(NULL, Object(Config\Cache), false)
#8 C:\laragon\www\madrasahku-msi01\system\Boot.php(417): CodeIgniter\CodeIgniter->run()
#9 C:\laragon\www\madrasahku-msi01\system\Boot.php(68): CodeIgniter\Boot::runCodeIgniter(Object(CodeIgniter\CodeIgniter))
#10 C:\laragon\www\madrasahku-msi01\public\index.php(59): CodeIgniter\Boot::bootWeb(Object(Config\Paths))
#11 C:\laragon\www\madrasahku-msi01\system\rewrite.php(44): require_once('C:\\laragon\\www\\...')
#12 {main}
CRITICAL - 2026-08-15 09:36:39 --> CodeIgniter\Database\Exceptions\DatabaseException: Unable to connect to the database.
Main connection [MySQLi]: No connection could be made because the target machine actively refused it
[Method: GET, Route: /]
in SYSTEMPATH\Database\BaseConnection.php on line 606.
 1 SYSTEMPATH\Database\BaseConnection.php(795): CodeIgniter\Database\BaseConnection->initialize()
 2 SYSTEMPATH\Database\BaseBuilder.php(1647): CodeIgniter\Database\BaseConnection->query('SELECT *
FROM `settings`', [], false)
 3 APPPATH\Models\HomeModel.php(16): CodeIgniter\Database\BaseBuilder->get()
 4 APPPATH\Controllers\Home.php(32): App\Models\HomeModel->getSettings()
 5 SYSTEMPATH\CodeIgniter.php(974): App\Controllers\Home->index()
 6 SYSTEMPATH\CodeIgniter.php(520): CodeIgniter\CodeIgniter->runController(Object(App\Controllers\Home))
 7 SYSTEMPATH\CodeIgniter.php(363): CodeIgniter\CodeIgniter->handleRequest(null, Object(Config\Cache), false)
 8 SYSTEMPATH\Boot.php(417): CodeIgniter\CodeIgniter->run()
 9 SYSTEMPATH\Boot.php(68): CodeIgniter\Boot::runCodeIgniter(Object(CodeIgniter\CodeIgniter))
10 FCPATH\index.php(59): CodeIgniter\Boot::bootWeb(Object(Config\Paths))
11 SYSTEMPATH\rewrite.php(44): require_once('C:\\laragon\\www\\madrasahku-msi01\\public\\index.php')
DEBUG - 2026-08-15 09:37:28 --> Session: Class initialized using 'CodeIgniter\Session\Handlers\FileHandler' driver.
DEBUG - 2026-08-15 09:37:49 --> Session: Class initialized using 'CodeIgniter\Session\Handlers\FileHandler' driver.
DEBUG - 2026-08-15 09:37:59 --> Session: Class initialized using 'CodeIgniter\Session\Handlers\FileHandler' driver.
