ERROR - 2026-07-07 02:21:36 --> Unknown column 'tanggal' in 'order clause'
in SYSTEMPATH\Database\MySQLi\Connection.php on line 300.
 1 SYSTEMPATH\Database\MySQLi\Connection.php(300): mysqli->query('SELECT *
FROM `pengumuman`
ORDER BY `tanggal` DESC
 LIMIT 3', 0)
 2 SYSTEMPATH\Database\BaseConnection.php(908): CodeIgniter\Database\MySQLi\Connection->execute('SELECT *
FROM `pengumuman`
ORDER BY `tanggal` DESC
 LIMIT 3')
 3 SYSTEMPATH\Database\BaseConnection.php(825): CodeIgniter\Database\BaseConnection->simpleQuery('SELECT *
FROM `pengumuman`
ORDER BY `tanggal` DESC
 LIMIT 3')
 4 SYSTEMPATH\Database\BaseBuilder.php(1647): CodeIgniter\Database\BaseConnection->query('SELECT *
FROM `pengumuman`
ORDER BY `tanggal` DESC
 LIMIT 3', [], false)
 5 SYSTEMPATH\Model.php(255): CodeIgniter\Database\BaseBuilder->get()
 6 SYSTEMPATH\BaseModel.php(676): CodeIgniter\Model->doFindAll(0, 0)
 7 APPPATH\Models\PengumumanModel.php(15): CodeIgniter\BaseModel->findAll()
 8 APPPATH\Controllers\PublicPages.php(48): App\Models\PengumumanModel->getLatest()
 9 SYSTEMPATH\CodeIgniter.php(974): App\Controllers\PublicPages->beranda()
10 SYSTEMPATH\CodeIgniter.php(520): CodeIgniter\CodeIgniter->runController(Object(App\Controllers\PublicPages))
11 SYSTEMPATH\CodeIgniter.php(363): CodeIgniter\CodeIgniter->handleRequest(null, Object(Config\Cache), false)
12 SYSTEMPATH\Boot.php(417): CodeIgniter\CodeIgniter->run()
13 SYSTEMPATH\Boot.php(68): CodeIgniter\Boot::runCodeIgniter(Object(CodeIgniter\CodeIgniter))
14 FCPATH\index.php(59): CodeIgniter\Boot::bootWeb(Object(Config\Paths))
15 SYSTEMPATH\rewrite.php(44): require_once('C:\\Users\\Hawwin rosyada\\Downloads\\MSI 01\\codeigniter4-framework-ab9bf33\\public\\index.php')
ERROR - 2026-07-07 02:33:26 --> Error connecting to the database: mysqli_sql_exception: No connection could be made because the target machine actively refused it in C:\Users\Hawwin rosyada\Downloads\MSI 01\codeigniter4-framework-ab9bf33\system\Database\MySQLi\Connection.php:201
Stack trace:
#0 C:\Users\Hawwin rosyada\Downloads\MSI 01\codeigniter4-framework-ab9bf33\system\Database\MySQLi\Connection.php(201): mysqli->real_connect('localhost', 'root', Object(SensitiveParameterValue), 'madrasahku_db', 3306, '', 0)
#1 C:\Users\Hawwin rosyada\Downloads\MSI 01\codeigniter4-framework-ab9bf33\system\Database\BaseConnection.php(555): CodeIgniter\Database\MySQLi\Connection->connect(false)
#2 C:\Users\Hawwin rosyada\Downloads\MSI 01\codeigniter4-framework-ab9bf33\system\Database\BaseConnection.php(795): CodeIgniter\Database\BaseConnection->initialize()
#3 C:\Users\Hawwin rosyada\Downloads\MSI 01\codeigniter4-framework-ab9bf33\system\Database\BaseConnection.php(1706): CodeIgniter\Database\BaseConnection->query('SHOW TABLES FRO...')
#4 C:\Users\Hawwin rosyada\Downloads\MSI 01\codeigniter4-framework-ab9bf33\system\Database\BaseConnection.php(1726): CodeIgniter\Database\BaseConnection->listTables()
#5 C:\Users\Hawwin rosyada\Downloads\MSI 01\codeigniter4-framework-ab9bf33\app\Models\PengumumanModel.php(14): CodeIgniter\Database\BaseConnection->tableExists('pengumuman')
#6 C:\Users\Hawwin rosyada\Downloads\MSI 01\codeigniter4-framework-ab9bf33\app\Controllers\PublicPages.php(48): App\Models\PengumumanModel->getLatest()
#7 C:\Users\Hawwin rosyada\Downloads\MSI 01\codeigniter4-framework-ab9bf33\system\CodeIgniter.php(974): App\Controllers\PublicPages->beranda()
#8 C:\Users\Hawwin rosyada\Downloads\MSI 01\codeigniter4-framework-ab9bf33\system\CodeIgniter.php(520): CodeIgniter\CodeIgniter->runController(Object(App\Controllers\PublicPages))
#9 C:\Users\Hawwin rosyada\Downloads\MSI 01\codeigniter4-framework-ab9bf33\system\CodeIgniter.php(363): CodeIgniter\CodeIgniter->handleRequest(NULL, Object(Config\Cache), false)
#10 C:\Users\Hawwin rosyada\Downloads\MSI 01\codeigniter4-framework-ab9bf33\system\Boot.php(417): CodeIgniter\CodeIgniter->run()
#11 C:\Users\Hawwin rosyada\Downloads\MSI 01\codeigniter4-framework-ab9bf33\system\Boot.php(68): CodeIgniter\Boot::runCodeIgniter(Object(CodeIgniter\CodeIgniter))
#12 C:\Users\Hawwin rosyada\Downloads\MSI 01\codeigniter4-framework-ab9bf33\public\index.php(59): CodeIgniter\Boot::bootWeb(Object(Config\Paths))
#13 C:\Users\Hawwin rosyada\Downloads\MSI 01\codeigniter4-framework-ab9bf33\system\rewrite.php(44): require_once('C:\\Users\\Hawwin...')
#14 {main}

Next CodeIgniter\Database\Exceptions\DatabaseException: No connection could be made because the target machine actively refused it in C:\Users\Hawwin rosyada\Downloads\MSI 01\codeigniter4-framework-ab9bf33\system\Database\MySQLi\Connection.php:231
Stack trace:
#0 C:\Users\Hawwin rosyada\Downloads\MSI 01\codeigniter4-framework-ab9bf33\system\Database\BaseConnection.php(555): CodeIgniter\Database\MySQLi\Connection->connect(false)
#1 C:\Users\Hawwin rosyada\Downloads\MSI 01\codeigniter4-framework-ab9bf33\system\Database\BaseConnection.php(795): CodeIgniter\Database\BaseConnection->initialize()
#2 C:\Users\Hawwin rosyada\Downloads\MSI 01\codeigniter4-framework-ab9bf33\system\Database\BaseConnection.php(1706): CodeIgniter\Database\BaseConnection->query('SHOW TABLES FRO...')
#3 C:\Users\Hawwin rosyada\Downloads\MSI 01\codeigniter4-framework-ab9bf33\system\Database\BaseConnection.php(1726): CodeIgniter\Database\BaseConnection->listTables()
#4 C:\Users\Hawwin rosyada\Downloads\MSI 01\codeigniter4-framework-ab9bf33\app\Models\PengumumanModel.php(14): CodeIgniter\Database\BaseConnection->tableExists('pengumuman')
#5 C:\Users\Hawwin rosyada\Downloads\MSI 01\codeigniter4-framework-ab9bf33\app\Controllers\PublicPages.php(48): App\Models\PengumumanModel->getLatest()
#6 C:\Users\Hawwin rosyada\Downloads\MSI 01\codeigniter4-framework-ab9bf33\system\CodeIgniter.php(974): App\Controllers\PublicPages->beranda()
#7 C:\Users\Hawwin rosyada\Downloads\MSI 01\codeigniter4-framework-ab9bf33\system\CodeIgniter.php(520): CodeIgniter\CodeIgniter->runController(Object(App\Controllers\PublicPages))
#8 C:\Users\Hawwin rosyada\Downloads\MSI 01\codeigniter4-framework-ab9bf33\system\CodeIgniter.php(363): CodeIgniter\CodeIgniter->handleRequest(NULL, Object(Config\Cache), false)
#9 C:\Users\Hawwin rosyada\Downloads\MSI 01\codeigniter4-framework-ab9bf33\system\Boot.php(417): CodeIgniter\CodeIgniter->run()
#10 C:\Users\Hawwin rosyada\Downloads\MSI 01\codeigniter4-framework-ab9bf33\system\Boot.php(68): CodeIgniter\Boot::runCodeIgniter(Object(CodeIgniter\CodeIgniter))
#11 C:\Users\Hawwin rosyada\Downloads\MSI 01\codeigniter4-framework-ab9bf33\public\index.php(59): CodeIgniter\Boot::bootWeb(Object(Config\Paths))
#12 C:\Users\Hawwin rosyada\Downloads\MSI 01\codeigniter4-framework-ab9bf33\system\rewrite.php(44): require_once('C:\\Users\\Hawwin...')
#13 {main}
ERROR - 2026-07-07 02:46:06 --> Error connecting to the database: mysqli_sql_exception: No connection could be made because the target machine actively refused it in C:\Users\Hawwin rosyada\Downloads\MSI 01\codeigniter4-framework-ab9bf33\system\Database\MySQLi\Connection.php:201
Stack trace:
#0 C:\Users\Hawwin rosyada\Downloads\MSI 01\codeigniter4-framework-ab9bf33\system\Database\MySQLi\Connection.php(201): mysqli->real_connect('localhost', 'root', Object(SensitiveParameterValue), 'madrasahku_db', 3306, '', 0)
#1 C:\Users\Hawwin rosyada\Downloads\MSI 01\codeigniter4-framework-ab9bf33\system\Database\BaseConnection.php(555): CodeIgniter\Database\MySQLi\Connection->connect(false)
#2 C:\Users\Hawwin rosyada\Downloads\MSI 01\codeigniter4-framework-ab9bf33\system\Database\BaseConnection.php(795): CodeIgniter\Database\BaseConnection->initialize()
#3 C:\Users\Hawwin rosyada\Downloads\MSI 01\codeigniter4-framework-ab9bf33\system\Database\BaseConnection.php(1706): CodeIgniter\Database\BaseConnection->query('SHOW TABLES FRO...')
#4 C:\Users\Hawwin rosyada\Downloads\MSI 01\codeigniter4-framework-ab9bf33\system\Database\BaseConnection.php(1726): CodeIgniter\Database\BaseConnection->listTables()
#5 C:\Users\Hawwin rosyada\Downloads\MSI 01\codeigniter4-framework-ab9bf33\app\Models\ProfilModel.php(12): CodeIgniter\Database\BaseConnection->tableExists('profil')
#6 C:\Users\Hawwin rosyada\Downloads\MSI 01\codeigniter4-framework-ab9bf33\app\Controllers\PublicPages.php(137): App\Models\ProfilModel->getProfile()
#7 C:\Users\Hawwin rosyada\Downloads\MSI 01\codeigniter4-framework-ab9bf33\system\CodeIgniter.php(974): App\Controllers\PublicPages->profil()
#8 C:\Users\Hawwin rosyada\Downloads\MSI 01\codeigniter4-framework-ab9bf33\system\CodeIgniter.php(520): CodeIgniter\CodeIgniter->runController(Object(App\Controllers\PublicPages))
#9 C:\Users\Hawwin rosyada\Downloads\MSI 01\codeigniter4-framework-ab9bf33\system\CodeIgniter.php(363): CodeIgniter\CodeIgniter->handleRequest(NULL, Object(Config\Cache), false)
#10 C:\Users\Hawwin rosyada\Downloads\MSI 01\codeigniter4-framework-ab9bf33\system\Boot.php(417): CodeIgniter\CodeIgniter->run()
#11 C:\Users\Hawwin rosyada\Downloads\MSI 01\codeigniter4-framework-ab9bf33\system\Boot.php(68): CodeIgniter\Boot::runCodeIgniter(Object(CodeIgniter\CodeIgniter))
#12 C:\Users\Hawwin rosyada\Downloads\MSI 01\codeigniter4-framework-ab9bf33\public\index.php(59): CodeIgniter\Boot::bootWeb(Object(Config\Paths))
#13 C:\Users\Hawwin rosyada\Downloads\MSI 01\codeigniter4-framework-ab9bf33\system\rewrite.php(44): require_once('C:\\Users\\Hawwin...')
#14 {main}

Next CodeIgniter\Database\Exceptions\DatabaseException: No connection could be made because the target machine actively refused it in C:\Users\Hawwin rosyada\Downloads\MSI 01\codeigniter4-framework-ab9bf33\system\Database\MySQLi\Connection.php:231
Stack trace:
#0 C:\Users\Hawwin rosyada\Downloads\MSI 01\codeigniter4-framework-ab9bf33\system\Database\BaseConnection.php(555): CodeIgniter\Database\MySQLi\Connection->connect(false)
#1 C:\Users\Hawwin rosyada\Downloads\MSI 01\codeigniter4-framework-ab9bf33\system\Database\BaseConnection.php(795): CodeIgniter\Database\BaseConnection->initialize()
#2 C:\Users\Hawwin rosyada\Downloads\MSI 01\codeigniter4-framework-ab9bf33\system\Database\BaseConnection.php(1706): CodeIgniter\Database\BaseConnection->query('SHOW TABLES FRO...')
#3 C:\Users\Hawwin rosyada\Downloads\MSI 01\codeigniter4-framework-ab9bf33\system\Database\BaseConnection.php(1726): CodeIgniter\Database\BaseConnection->listTables()
#4 C:\Users\Hawwin rosyada\Downloads\MSI 01\codeigniter4-framework-ab9bf33\app\Models\ProfilModel.php(12): CodeIgniter\Database\BaseConnection->tableExists('profil')
#5 C:\Users\Hawwin rosyada\Downloads\MSI 01\codeigniter4-framework-ab9bf33\app\Controllers\PublicPages.php(137): App\Models\ProfilModel->getProfile()
#6 C:\Users\Hawwin rosyada\Downloads\MSI 01\codeigniter4-framework-ab9bf33\system\CodeIgniter.php(974): App\Controllers\PublicPages->profil()
#7 C:\Users\Hawwin rosyada\Downloads\MSI 01\codeigniter4-framework-ab9bf33\system\CodeIgniter.php(520): CodeIgniter\CodeIgniter->runController(Object(App\Controllers\PublicPages))
#8 C:\Users\Hawwin rosyada\Downloads\MSI 01\codeigniter4-framework-ab9bf33\system\CodeIgniter.php(363): CodeIgniter\CodeIgniter->handleRequest(NULL, Object(Config\Cache), false)
#9 C:\Users\Hawwin rosyada\Downloads\MSI 01\codeigniter4-framework-ab9bf33\system\Boot.php(417): CodeIgniter\CodeIgniter->run()
#10 C:\Users\Hawwin rosyada\Downloads\MSI 01\codeigniter4-framework-ab9bf33\system\Boot.php(68): CodeIgniter\Boot::runCodeIgniter(Object(CodeIgniter\CodeIgniter))
#11 C:\Users\Hawwin rosyada\Downloads\MSI 01\codeigniter4-framework-ab9bf33\public\index.php(59): CodeIgniter\Boot::bootWeb(Object(Config\Paths))
#12 C:\Users\Hawwin rosyada\Downloads\MSI 01\codeigniter4-framework-ab9bf33\system\rewrite.php(44): require_once('C:\\Users\\Hawwin...')
#13 {main}
ERROR - 2026-07-07 02:46:10 --> Error connecting to the database: mysqli_sql_exception: No connection could be made because the target machine actively refused it in C:\Users\Hawwin rosyada\Downloads\MSI 01\codeigniter4-framework-ab9bf33\system\Database\MySQLi\Connection.php:201
Stack trace:
#0 C:\Users\Hawwin rosyada\Downloads\MSI 01\codeigniter4-framework-ab9bf33\system\Database\MySQLi\Connection.php(201): mysqli->real_connect('localhost', 'root', Object(SensitiveParameterValue), 'madrasahku_db', 3306, '', 0)
#1 C:\Users\Hawwin rosyada\Downloads\MSI 01\codeigniter4-framework-ab9bf33\system\Database\BaseConnection.php(555): CodeIgniter\Database\MySQLi\Connection->connect(false)
#2 C:\Users\Hawwin rosyada\Downloads\MSI 01\codeigniter4-framework-ab9bf33\system\Database\BaseConnection.php(795): CodeIgniter\Database\BaseConnection->initialize()
#3 C:\Users\Hawwin rosyada\Downloads\MSI 01\codeigniter4-framework-ab9bf33\system\Database\BaseConnection.php(1706): CodeIgniter\Database\BaseConnection->query('SHOW TABLES FRO...')
#4 C:\Users\Hawwin rosyada\Downloads\MSI 01\codeigniter4-framework-ab9bf33\system\Database\BaseConnection.php(1726): CodeIgniter\Database\BaseConnection->listTables()
#5 C:\Users\Hawwin rosyada\Downloads\MSI 01\codeigniter4-framework-ab9bf33\app\Models\TenagaModel.php(13): CodeIgniter\Database\BaseConnection->tableExists('tenaga_pendidik')
#6 C:\Users\Hawwin rosyada\Downloads\MSI 01\codeigniter4-framework-ab9bf33\app\Controllers\PublicPages.php(138): App\Models\TenagaModel->getAll()
#7 C:\Users\Hawwin rosyada\Downloads\MSI 01\codeigniter4-framework-ab9bf33\system\CodeIgniter.php(974): App\Controllers\PublicPages->profil()
#8 C:\Users\Hawwin rosyada\Downloads\MSI 01\codeigniter4-framework-ab9bf33\system\CodeIgniter.php(520): CodeIgniter\CodeIgniter->runController(Object(App\Controllers\PublicPages))
#9 C:\Users\Hawwin rosyada\Downloads\MSI 01\codeigniter4-framework-ab9bf33\system\CodeIgniter.php(363): CodeIgniter\CodeIgniter->handleRequest(NULL, Object(Config\Cache), false)
#10 C:\Users\Hawwin rosyada\Downloads\MSI 01\codeigniter4-framework-ab9bf33\system\Boot.php(417): CodeIgniter\CodeIgniter->run()
#11 C:\Users\Hawwin rosyada\Downloads\MSI 01\codeigniter4-framework-ab9bf33\system\Boot.php(68): CodeIgniter\Boot::runCodeIgniter(Object(CodeIgniter\CodeIgniter))
#12 C:\Users\Hawwin rosyada\Downloads\MSI 01\codeigniter4-framework-ab9bf33\public\index.php(59): CodeIgniter\Boot::bootWeb(Object(Config\Paths))
#13 C:\Users\Hawwin rosyada\Downloads\MSI 01\codeigniter4-framework-ab9bf33\system\rewrite.php(44): require_once('C:\\Users\\Hawwin...')
#14 {main}

Next CodeIgniter\Database\Exceptions\DatabaseException: No connection could be made because the target machine actively refused it in C:\Users\Hawwin rosyada\Downloads\MSI 01\codeigniter4-framework-ab9bf33\system\Database\MySQLi\Connection.php:231
Stack trace:
#0 C:\Users\Hawwin rosyada\Downloads\MSI 01\codeigniter4-framework-ab9bf33\system\Database\BaseConnection.php(555): CodeIgniter\Database\MySQLi\Connection->connect(false)
#1 C:\Users\Hawwin rosyada\Downloads\MSI 01\codeigniter4-framework-ab9bf33\system\Database\BaseConnection.php(795): CodeIgniter\Database\BaseConnection->initialize()
#2 C:\Users\Hawwin rosyada\Downloads\MSI 01\codeigniter4-framework-ab9bf33\system\Database\BaseConnection.php(1706): CodeIgniter\Database\BaseConnection->query('SHOW TABLES FRO...')
#3 C:\Users\Hawwin rosyada\Downloads\MSI 01\codeigniter4-framework-ab9bf33\system\Database\BaseConnection.php(1726): CodeIgniter\Database\BaseConnection->listTables()
#4 C:\Users\Hawwin rosyada\Downloads\MSI 01\codeigniter4-framework-ab9bf33\app\Models\TenagaModel.php(13): CodeIgniter\Database\BaseConnection->tableExists('tenaga_pendidik')
#5 C:\Users\Hawwin rosyada\Downloads\MSI 01\codeigniter4-framework-ab9bf33\app\Controllers\PublicPages.php(138): App\Models\TenagaModel->getAll()
#6 C:\Users\Hawwin rosyada\Downloads\MSI 01\codeigniter4-framework-ab9bf33\system\CodeIgniter.php(974): App\Controllers\PublicPages->profil()
#7 C:\Users\Hawwin rosyada\Downloads\MSI 01\codeigniter4-framework-ab9bf33\system\CodeIgniter.php(520): CodeIgniter\CodeIgniter->runController(Object(App\Controllers\PublicPages))
#8 C:\Users\Hawwin rosyada\Downloads\MSI 01\codeigniter4-framework-ab9bf33\system\CodeIgniter.php(363): CodeIgniter\CodeIgniter->handleRequest(NULL, Object(Config\Cache), false)
#9 C:\Users\Hawwin rosyada\Downloads\MSI 01\codeigniter4-framework-ab9bf33\system\Boot.php(417): CodeIgniter\CodeIgniter->run()
#10 C:\Users\Hawwin rosyada\Downloads\MSI 01\codeigniter4-framework-ab9bf33\system\Boot.php(68): CodeIgniter\Boot::runCodeIgniter(Object(CodeIgniter\CodeIgniter))
#11 C:\Users\Hawwin rosyada\Downloads\MSI 01\codeigniter4-framework-ab9bf33\public\index.php(59): CodeIgniter\Boot::bootWeb(Object(Config\Paths))
#12 C:\Users\Hawwin rosyada\Downloads\MSI 01\codeigniter4-framework-ab9bf33\system\rewrite.php(44): require_once('C:\\Users\\Hawwin...')
#13 {main}
ERROR - 2026-07-07 02:46:14 --> Error connecting to the database: mysqli_sql_exception: No connection could be made because the target machine actively refused it in C:\Users\Hawwin rosyada\Downloads\MSI 01\codeigniter4-framework-ab9bf33\system\Database\MySQLi\Connection.php:201
Stack trace:
#0 C:\Users\Hawwin rosyada\Downloads\MSI 01\codeigniter4-framework-ab9bf33\system\Database\MySQLi\Connection.php(201): mysqli->real_connect('localhost', 'root', Object(SensitiveParameterValue), 'madrasahku_db', 3306, '', 0)
#1 C:\Users\Hawwin rosyada\Downloads\MSI 01\codeigniter4-framework-ab9bf33\system\Database\BaseConnection.php(555): CodeIgniter\Database\MySQLi\Connection->connect(false)
#2 C:\Users\Hawwin rosyada\Downloads\MSI 01\codeigniter4-framework-ab9bf33\system\Database\BaseConnection.php(795): CodeIgniter\Database\BaseConnection->initialize()
#3 C:\Users\Hawwin rosyada\Downloads\MSI 01\codeigniter4-framework-ab9bf33\system\Database\BaseConnection.php(1706): CodeIgniter\Database\BaseConnection->query('SHOW TABLES FRO...')
#4 C:\Users\Hawwin rosyada\Downloads\MSI 01\codeigniter4-framework-ab9bf33\system\Database\BaseConnection.php(1726): CodeIgniter\Database\BaseConnection->listTables()
#5 C:\Users\Hawwin rosyada\Downloads\MSI 01\codeigniter4-framework-ab9bf33\app\Models\FasilitasModel.php(12): CodeIgniter\Database\BaseConnection->tableExists('fasilitas')
#6 C:\Users\Hawwin rosyada\Downloads\MSI 01\codeigniter4-framework-ab9bf33\app\Controllers\PublicPages.php(139): App\Models\FasilitasModel->getAll()
#7 C:\Users\Hawwin rosyada\Downloads\MSI 01\codeigniter4-framework-ab9bf33\system\CodeIgniter.php(974): App\Controllers\PublicPages->profil()
#8 C:\Users\Hawwin rosyada\Downloads\MSI 01\codeigniter4-framework-ab9bf33\system\CodeIgniter.php(520): CodeIgniter\CodeIgniter->runController(Object(App\Controllers\PublicPages))
#9 C:\Users\Hawwin rosyada\Downloads\MSI 01\codeigniter4-framework-ab9bf33\system\CodeIgniter.php(363): CodeIgniter\CodeIgniter->handleRequest(NULL, Object(Config\Cache), false)
#10 C:\Users\Hawwin rosyada\Downloads\MSI 01\codeigniter4-framework-ab9bf33\system\Boot.php(417): CodeIgniter\CodeIgniter->run()
#11 C:\Users\Hawwin rosyada\Downloads\MSI 01\codeigniter4-framework-ab9bf33\system\Boot.php(68): CodeIgniter\Boot::runCodeIgniter(Object(CodeIgniter\CodeIgniter))
#12 C:\Users\Hawwin rosyada\Downloads\MSI 01\codeigniter4-framework-ab9bf33\public\index.php(59): CodeIgniter\Boot::bootWeb(Object(Config\Paths))
#13 C:\Users\Hawwin rosyada\Downloads\MSI 01\codeigniter4-framework-ab9bf33\system\rewrite.php(44): require_once('C:\\Users\\Hawwin...')
#14 {main}

Next CodeIgniter\Database\Exceptions\DatabaseException: No connection could be made because the target machine actively refused it in C:\Users\Hawwin rosyada\Downloads\MSI 01\codeigniter4-framework-ab9bf33\system\Database\MySQLi\Connection.php:231
Stack trace:
#0 C:\Users\Hawwin rosyada\Downloads\MSI 01\codeigniter4-framework-ab9bf33\system\Database\BaseConnection.php(555): CodeIgniter\Database\MySQLi\Connection->connect(false)
#1 C:\Users\Hawwin rosyada\Downloads\MSI 01\codeigniter4-framework-ab9bf33\system\Database\BaseConnection.php(795): CodeIgniter\Database\BaseConnection->initialize()
#2 C:\Users\Hawwin rosyada\Downloads\MSI 01\codeigniter4-framework-ab9bf33\system\Database\BaseConnection.php(1706): CodeIgniter\Database\BaseConnection->query('SHOW TABLES FRO...')
#3 C:\Users\Hawwin rosyada\Downloads\MSI 01\codeigniter4-framework-ab9bf33\system\Database\BaseConnection.php(1726): CodeIgniter\Database\BaseConnection->listTables()
#4 C:\Users\Hawwin rosyada\Downloads\MSI 01\codeigniter4-framework-ab9bf33\app\Models\FasilitasModel.php(12): CodeIgniter\Database\BaseConnection->tableExists('fasilitas')
#5 C:\Users\Hawwin rosyada\Downloads\MSI 01\codeigniter4-framework-ab9bf33\app\Controllers\PublicPages.php(139): App\Models\FasilitasModel->getAll()
#6 C:\Users\Hawwin rosyada\Downloads\MSI 01\codeigniter4-framework-ab9bf33\system\CodeIgniter.php(974): App\Controllers\PublicPages->profil()
#7 C:\Users\Hawwin rosyada\Downloads\MSI 01\codeigniter4-framework-ab9bf33\system\CodeIgniter.php(520): CodeIgniter\CodeIgniter->runController(Object(App\Controllers\PublicPages))
#8 C:\Users\Hawwin rosyada\Downloads\MSI 01\codeigniter4-framework-ab9bf33\system\CodeIgniter.php(363): CodeIgniter\CodeIgniter->handleRequest(NULL, Object(Config\Cache), false)
#9 C:\Users\Hawwin rosyada\Downloads\MSI 01\codeigniter4-framework-ab9bf33\system\Boot.php(417): CodeIgniter\CodeIgniter->run()
#10 C:\Users\Hawwin rosyada\Downloads\MSI 01\codeigniter4-framework-ab9bf33\system\Boot.php(68): CodeIgniter\Boot::runCodeIgniter(Object(CodeIgniter\CodeIgniter))
#11 C:\Users\Hawwin rosyada\Downloads\MSI 01\codeigniter4-framework-ab9bf33\public\index.php(59): CodeIgniter\Boot::bootWeb(Object(Config\Paths))
#12 C:\Users\Hawwin rosyada\Downloads\MSI 01\codeigniter4-framework-ab9bf33\system\rewrite.php(44): require_once('C:\\Users\\Hawwin...')
#13 {main}
ERROR - 2026-07-07 02:46:18 --> Error connecting to the database: mysqli_sql_exception: No connection could be made because the target machine actively refused it in C:\Users\Hawwin rosyada\Downloads\MSI 01\codeigniter4-framework-ab9bf33\system\Database\MySQLi\Connection.php:201
Stack trace:
#0 C:\Users\Hawwin rosyada\Downloads\MSI 01\codeigniter4-framework-ab9bf33\system\Database\MySQLi\Connection.php(201): mysqli->real_connect('localhost', 'root', Object(SensitiveParameterValue), 'madrasahku_db', 3306, '', 0)
#1 C:\Users\Hawwin rosyada\Downloads\MSI 01\codeigniter4-framework-ab9bf33\system\Database\BaseConnection.php(555): CodeIgniter\Database\MySQLi\Connection->connect(false)
#2 C:\Users\Hawwin rosyada\Downloads\MSI 01\codeigniter4-framework-ab9bf33\system\Database\BaseConnection.php(795): CodeIgniter\Database\BaseConnection->initialize()
#3 C:\Users\Hawwin rosyada\Downloads\MSI 01\codeigniter4-framework-ab9bf33\system\Database\BaseConnection.php(1706): CodeIgniter\Database\BaseConnection->query('SHOW TABLES FRO...')
#4 C:\Users\Hawwin rosyada\Downloads\MSI 01\codeigniter4-framework-ab9bf33\system\Database\BaseConnection.php(1726): CodeIgniter\Database\BaseConnection->listTables()
#5 C:\Users\Hawwin rosyada\Downloads\MSI 01\codeigniter4-framework-ab9bf33\app\Models\PrestasiModel.php(12): CodeIgniter\Database\BaseConnection->tableExists('prestasi')
#6 C:\Users\Hawwin rosyada\Downloads\MSI 01\codeigniter4-framework-ab9bf33\app\Controllers\PublicPages.php(140): App\Models\PrestasiModel->getLatest()
#7 C:\Users\Hawwin rosyada\Downloads\MSI 01\codeigniter4-framework-ab9bf33\system\CodeIgniter.php(974): App\Controllers\PublicPages->profil()
#8 C:\Users\Hawwin rosyada\Downloads\MSI 01\codeigniter4-framework-ab9bf33\system\CodeIgniter.php(520): CodeIgniter\CodeIgniter->runController(Object(App\Controllers\PublicPages))
#9 C:\Users\Hawwin rosyada\Downloads\MSI 01\codeigniter4-framework-ab9bf33\system\CodeIgniter.php(363): CodeIgniter\CodeIgniter->handleRequest(NULL, Object(Config\Cache), false)
#10 C:\Users\Hawwin rosyada\Downloads\MSI 01\codeigniter4-framework-ab9bf33\system\Boot.php(417): CodeIgniter\CodeIgniter->run()
#11 C:\Users\Hawwin rosyada\Downloads\MSI 01\codeigniter4-framework-ab9bf33\system\Boot.php(68): CodeIgniter\Boot::runCodeIgniter(Object(CodeIgniter\CodeIgniter))
#12 C:\Users\Hawwin rosyada\Downloads\MSI 01\codeigniter4-framework-ab9bf33\public\index.php(59): CodeIgniter\Boot::bootWeb(Object(Config\Paths))
#13 C:\Users\Hawwin rosyada\Downloads\MSI 01\codeigniter4-framework-ab9bf33\system\rewrite.php(44): require_once('C:\\Users\\Hawwin...')
#14 {main}

Next CodeIgniter\Database\Exceptions\DatabaseException: No connection could be made because the target machine actively refused it in C:\Users\Hawwin rosyada\Downloads\MSI 01\codeigniter4-framework-ab9bf33\system\Database\MySQLi\Connection.php:231
Stack trace:
#0 C:\Users\Hawwin rosyada\Downloads\MSI 01\codeigniter4-framework-ab9bf33\system\Database\BaseConnection.php(555): CodeIgniter\Database\MySQLi\Connection->connect(false)
#1 C:\Users\Hawwin rosyada\Downloads\MSI 01\codeigniter4-framework-ab9bf33\system\Database\BaseConnection.php(795): CodeIgniter\Database\BaseConnection->initialize()
#2 C:\Users\Hawwin rosyada\Downloads\MSI 01\codeigniter4-framework-ab9bf33\system\Database\BaseConnection.php(1706): CodeIgniter\Database\BaseConnection->query('SHOW TABLES FRO...')
#3 C:\Users\Hawwin rosyada\Downloads\MSI 01\codeigniter4-framework-ab9bf33\system\Database\BaseConnection.php(1726): CodeIgniter\Database\BaseConnection->listTables()
#4 C:\Users\Hawwin rosyada\Downloads\MSI 01\codeigniter4-framework-ab9bf33\app\Models\PrestasiModel.php(12): CodeIgniter\Database\BaseConnection->tableExists('prestasi')
#5 C:\Users\Hawwin rosyada\Downloads\MSI 01\codeigniter4-framework-ab9bf33\app\Controllers\PublicPages.php(140): App\Models\PrestasiModel->getLatest()
#6 C:\Users\Hawwin rosyada\Downloads\MSI 01\codeigniter4-framework-ab9bf33\system\CodeIgniter.php(974): App\Controllers\PublicPages->profil()
#7 C:\Users\Hawwin rosyada\Downloads\MSI 01\codeigniter4-framework-ab9bf33\system\CodeIgniter.php(520): CodeIgniter\CodeIgniter->runController(Object(App\Controllers\PublicPages))
#8 C:\Users\Hawwin rosyada\Downloads\MSI 01\codeigniter4-framework-ab9bf33\system\CodeIgniter.php(363): CodeIgniter\CodeIgniter->handleRequest(NULL, Object(Config\Cache), false)
#9 C:\Users\Hawwin rosyada\Downloads\MSI 01\codeigniter4-framework-ab9bf33\system\Boot.php(417): CodeIgniter\CodeIgniter->run()
#10 C:\Users\Hawwin rosyada\Downloads\MSI 01\codeigniter4-framework-ab9bf33\system\Boot.php(68): CodeIgniter\Boot::runCodeIgniter(Object(CodeIgniter\CodeIgniter))
#11 C:\Users\Hawwin rosyada\Downloads\MSI 01\codeigniter4-framework-ab9bf33\public\index.php(59): CodeIgniter\Boot::bootWeb(Object(Config\Paths))
#12 C:\Users\Hawwin rosyada\Downloads\MSI 01\codeigniter4-framework-ab9bf33\system\rewrite.php(44): require_once('C:\\Users\\Hawwin...')
#13 {main}
