ERROR - 2026-07-03 11:16:43 --> Error connecting to the database: mysqli_sql_exception: Access denied for user ''@'localhost' (using password: NO) in C:\Users\Hawwin rosyada\Downloads\MSI 01\codeigniter4-framework-ab9bf33\system\Database\MySQLi\Connection.php:201
Stack trace:
#0 C:\Users\Hawwin rosyada\Downloads\MSI 01\codeigniter4-framework-ab9bf33\system\Database\MySQLi\Connection.php(201): mysqli->real_connect('localhost', '', Object(SensitiveParameterValue), '', 3306, '', 0)
#1 C:\Users\Hawwin rosyada\Downloads\MSI 01\codeigniter4-framework-ab9bf33\system\Database\BaseConnection.php(555): CodeIgniter\Database\MySQLi\Connection->connect(false)
#2 C:\Users\Hawwin rosyada\Downloads\MSI 01\codeigniter4-framework-ab9bf33\system\Database\BaseConnection.php(795): CodeIgniter\Database\BaseConnection->initialize()
#3 C:\Users\Hawwin rosyada\Downloads\MSI 01\codeigniter4-framework-ab9bf33\system\Database\BaseConnection.php(1706): CodeIgniter\Database\BaseConnection->query('SHOW TABLES FRO...')
#4 C:\Users\Hawwin rosyada\Downloads\MSI 01\codeigniter4-framework-ab9bf33\system\Database\BaseConnection.php(1726): CodeIgniter\Database\BaseConnection->listTables()
#5 C:\Users\Hawwin rosyada\Downloads\MSI 01\codeigniter4-framework-ab9bf33\app\Models\PengumumanModel.php(14): CodeIgniter\Database\BaseConnection->tableExists('pengumuman')
#6 C:\Users\Hawwin rosyada\Downloads\MSI 01\codeigniter4-framework-ab9bf33\app\Controllers\PublicPages.php(18): App\Models\PengumumanModel->getLatest()
#7 C:\Users\Hawwin rosyada\Downloads\MSI 01\codeigniter4-framework-ab9bf33\system\CodeIgniter.php(974): App\Controllers\PublicPages->beranda()
#8 C:\Users\Hawwin rosyada\Downloads\MSI 01\codeigniter4-framework-ab9bf33\system\CodeIgniter.php(520): CodeIgniter\CodeIgniter->runController(Object(App\Controllers\PublicPages))
#9 C:\Users\Hawwin rosyada\Downloads\MSI 01\codeigniter4-framework-ab9bf33\system\CodeIgniter.php(363): CodeIgniter\CodeIgniter->handleRequest(NULL, Object(Config\Cache), false)
#10 C:\Users\Hawwin rosyada\Downloads\MSI 01\codeigniter4-framework-ab9bf33\system\Boot.php(417): CodeIgniter\CodeIgniter->run()
#11 C:\Users\Hawwin rosyada\Downloads\MSI 01\codeigniter4-framework-ab9bf33\system\Boot.php(68): CodeIgniter\Boot::runCodeIgniter(Object(CodeIgniter\CodeIgniter))
#12 C:\Users\Hawwin rosyada\Downloads\MSI 01\codeigniter4-framework-ab9bf33\public\index.php(59): CodeIgniter\Boot::bootWeb(Object(Config\Paths))
#13 C:\Users\Hawwin rosyada\Downloads\MSI 01\codeigniter4-framework-ab9bf33\system\rewrite.php(44): require_once('C:\\Users\\Hawwin...')
#14 {main}

Next CodeIgniter\Database\Exceptions\DatabaseException: Access denied for user ''@'localhost' (using password: NO) in C:\Users\Hawwin rosyada\Downloads\MSI 01\codeigniter4-framework-ab9bf33\system\Database\MySQLi\Connection.php:231
Stack trace:
#0 C:\Users\Hawwin rosyada\Downloads\MSI 01\codeigniter4-framework-ab9bf33\system\Database\BaseConnection.php(555): CodeIgniter\Database\MySQLi\Connection->connect(false)
#1 C:\Users\Hawwin rosyada\Downloads\MSI 01\codeigniter4-framework-ab9bf33\system\Database\BaseConnection.php(795): CodeIgniter\Database\BaseConnection->initialize()
#2 C:\Users\Hawwin rosyada\Downloads\MSI 01\codeigniter4-framework-ab9bf33\system\Database\BaseConnection.php(1706): CodeIgniter\Database\BaseConnection->query('SHOW TABLES FRO...')
#3 C:\Users\Hawwin rosyada\Downloads\MSI 01\codeigniter4-framework-ab9bf33\system\Database\BaseConnection.php(1726): CodeIgniter\Database\BaseConnection->listTables()
#4 C:\Users\Hawwin rosyada\Downloads\MSI 01\codeigniter4-framework-ab9bf33\app\Models\PengumumanModel.php(14): CodeIgniter\Database\BaseConnection->tableExists('pengumuman')
#5 C:\Users\Hawwin rosyada\Downloads\MSI 01\codeigniter4-framework-ab9bf33\app\Controllers\PublicPages.php(18): App\Models\PengumumanModel->getLatest()
#6 C:\Users\Hawwin rosyada\Downloads\MSI 01\codeigniter4-framework-ab9bf33\system\CodeIgniter.php(974): App\Controllers\PublicPages->beranda()
#7 C:\Users\Hawwin rosyada\Downloads\MSI 01\codeigniter4-framework-ab9bf33\system\CodeIgniter.php(520): CodeIgniter\CodeIgniter->runController(Object(App\Controllers\PublicPages))
#8 C:\Users\Hawwin rosyada\Downloads\MSI 01\codeigniter4-framework-ab9bf33\system\CodeIgniter.php(363): CodeIgniter\CodeIgniter->handleRequest(NULL, Object(Config\Cache), false)
#9 C:\Users\Hawwin rosyada\Downloads\MSI 01\codeigniter4-framework-ab9bf33\system\Boot.php(417): CodeIgniter\CodeIgniter->run()
#10 C:\Users\Hawwin rosyada\Downloads\MSI 01\codeigniter4-framework-ab9bf33\system\Boot.php(68): CodeIgniter\Boot::runCodeIgniter(Object(CodeIgniter\CodeIgniter))
#11 C:\Users\Hawwin rosyada\Downloads\MSI 01\codeigniter4-framework-ab9bf33\public\index.php(59): CodeIgniter\Boot::bootWeb(Object(Config\Paths))
#12 C:\Users\Hawwin rosyada\Downloads\MSI 01\codeigniter4-framework-ab9bf33\system\rewrite.php(44): require_once('C:\\Users\\Hawwin...')
#13 {main}
CRITICAL - 2026-07-03 11:16:43 --> ParseError: syntax error, unexpected end of file, expecting "elseif" or "else" or "endif"
[Method: GET, Route: /]
in APPPATH\Views\pages\beranda.php on line 153.
 1 SYSTEMPATH\View\View.php(243): CodeIgniter\View\View->CodeIgniter\View\{closure}()
 2 SYSTEMPATH\Common.php(1254): CodeIgniter\View\View->render('pages/beranda', [], true)
 3 APPPATH\Views\layouts\main.php(27): view('pages/beranda')
 4 SYSTEMPATH\View\View.php(240): include('C:\\Users\\Hawwin rosyada\\Downloads\\MSI 01\\codeigniter4-framework-ab9bf33\\app\\Views\\layouts\\main.php')
 5 SYSTEMPATH\View\View.php(243): CodeIgniter\View\View->CodeIgniter\View\{closure}()
 6 SYSTEMPATH\Common.php(1254): CodeIgniter\View\View->render('layouts/main', [], true)
 7 APPPATH\Controllers\PublicPages.php(64): view('layouts/main', [...])
 8 SYSTEMPATH\CodeIgniter.php(974): App\Controllers\PublicPages->beranda()
 9 SYSTEMPATH\CodeIgniter.php(520): CodeIgniter\CodeIgniter->runController(Object(App\Controllers\PublicPages))
10 SYSTEMPATH\CodeIgniter.php(363): CodeIgniter\CodeIgniter->handleRequest(null, Object(Config\Cache), false)
11 SYSTEMPATH\Boot.php(417): CodeIgniter\CodeIgniter->run()
12 SYSTEMPATH\Boot.php(68): CodeIgniter\Boot::runCodeIgniter(Object(CodeIgniter\CodeIgniter))
13 FCPATH\index.php(59): CodeIgniter\Boot::bootWeb(Object(Config\Paths))
14 SYSTEMPATH\rewrite.php(44): require_once('C:\\Users\\Hawwin rosyada\\Downloads\\MSI 01\\codeigniter4-framework-ab9bf33\\public\\index.php')
ERROR - 2026-07-03 11:20:08 --> Unknown column 'tanggal' in 'order clause'
in SYSTEMPATH\Database\MySQLi\Connection.php on line 300.
 1 SYSTEMPATH\Database\MySQLi\Connection.php(300): mysqli->query('SELECT *
FROM `pengumuman`
ORDER BY `tanggal` DESC
 LIMIT 3', 0)
 2 SYSTEMPATH\Database\BaseConnection.php(908): CodeIgniter\Database\MySQLi\Connection->execute('SELECT *
FROM `pengumuman`
ORDER BY `tanggal` DESC
 LIMIT 3')
 3 SYSTEMPATH\Database\BaseConnection.php(825): CodeIgniter\Database\BaseConnection->simpleQuery('SELECT *
FROM `pengumuman`
ORDER BY `tanggal` DESC
 LIMIT 3')
 4 SYSTEMPATH\Database\BaseBuilder.php(1647): CodeIgniter\Database\BaseConnection->query('SELECT *
FROM `pengumuman`
ORDER BY `tanggal` DESC
 LIMIT 3', [], false)
 5 SYSTEMPATH\Model.php(255): CodeIgniter\Database\BaseBuilder->get()
 6 SYSTEMPATH\BaseModel.php(676): CodeIgniter\Model->doFindAll(0, 0)
 7 APPPATH\Models\PengumumanModel.php(15): CodeIgniter\BaseModel->findAll()
 8 APPPATH\Controllers\PublicPages.php(18): App\Models\PengumumanModel->getLatest()
 9 SYSTEMPATH\CodeIgniter.php(974): App\Controllers\PublicPages->beranda()
10 SYSTEMPATH\CodeIgniter.php(520): CodeIgniter\CodeIgniter->runController(Object(App\Controllers\PublicPages))
11 SYSTEMPATH\CodeIgniter.php(363): CodeIgniter\CodeIgniter->handleRequest(null, Object(Config\Cache), false)
12 SYSTEMPATH\Boot.php(417): CodeIgniter\CodeIgniter->run()
13 SYSTEMPATH\Boot.php(68): CodeIgniter\Boot::runCodeIgniter(Object(CodeIgniter\CodeIgniter))
14 FCPATH\index.php(59): CodeIgniter\Boot::bootWeb(Object(Config\Paths))
15 SYSTEMPATH\rewrite.php(44): require_once('C:\\Users\\Hawwin rosyada\\Downloads\\MSI 01\\codeigniter4-framework-ab9bf33\\public\\index.php')
CRITICAL - 2026-07-03 11:20:08 --> ParseError: syntax error, unexpected end of file, expecting "elseif" or "else" or "endif"
[Method: GET, Route: /]
in APPPATH\Views\pages\beranda.php on line 153.
 1 SYSTEMPATH\View\View.php(243): CodeIgniter\View\View->CodeIgniter\View\{closure}()
 2 SYSTEMPATH\Common.php(1254): CodeIgniter\View\View->render('pages/beranda', [], true)
 3 APPPATH\Views\layouts\main.php(27): view('pages/beranda')
 4 SYSTEMPATH\View\View.php(240): include('C:\\Users\\Hawwin rosyada\\Downloads\\MSI 01\\codeigniter4-framework-ab9bf33\\app\\Views\\layouts\\main.php')
 5 SYSTEMPATH\View\View.php(243): CodeIgniter\View\View->CodeIgniter\View\{closure}()
 6 SYSTEMPATH\Common.php(1254): CodeIgniter\View\View->render('layouts/main', [], true)
 7 APPPATH\Controllers\PublicPages.php(64): view('layouts/main', [...])
 8 SYSTEMPATH\CodeIgniter.php(974): App\Controllers\PublicPages->beranda()
 9 SYSTEMPATH\CodeIgniter.php(520): CodeIgniter\CodeIgniter->runController(Object(App\Controllers\PublicPages))
10 SYSTEMPATH\CodeIgniter.php(363): CodeIgniter\CodeIgniter->handleRequest(null, Object(Config\Cache), false)
11 SYSTEMPATH\Boot.php(417): CodeIgniter\CodeIgniter->run()
12 SYSTEMPATH\Boot.php(68): CodeIgniter\Boot::runCodeIgniter(Object(CodeIgniter\CodeIgniter))
13 FCPATH\index.php(59): CodeIgniter\Boot::bootWeb(Object(Config\Paths))
14 SYSTEMPATH\rewrite.php(44): require_once('C:\\Users\\Hawwin rosyada\\Downloads\\MSI 01\\codeigniter4-framework-ab9bf33\\public\\index.php')
ERROR - 2026-07-03 11:22:55 --> Unknown column 'tanggal' in 'order clause'
in SYSTEMPATH\Database\MySQLi\Connection.php on line 300.
 1 SYSTEMPATH\Database\MySQLi\Connection.php(300): mysqli->query('SELECT *
FROM `pengumuman`
ORDER BY `tanggal` DESC
 LIMIT 3', 0)
 2 SYSTEMPATH\Database\BaseConnection.php(908): CodeIgniter\Database\MySQLi\Connection->execute('SELECT *
FROM `pengumuman`
ORDER BY `tanggal` DESC
 LIMIT 3')
 3 SYSTEMPATH\Database\BaseConnection.php(825): CodeIgniter\Database\BaseConnection->simpleQuery('SELECT *
FROM `pengumuman`
ORDER BY `tanggal` DESC
 LIMIT 3')
 4 SYSTEMPATH\Database\BaseBuilder.php(1647): CodeIgniter\Database\BaseConnection->query('SELECT *
FROM `pengumuman`
ORDER BY `tanggal` DESC
 LIMIT 3', [], false)
 5 SYSTEMPATH\Model.php(255): CodeIgniter\Database\BaseBuilder->get()
 6 SYSTEMPATH\BaseModel.php(676): CodeIgniter\Model->doFindAll(0, 0)
 7 APPPATH\Models\PengumumanModel.php(15): CodeIgniter\BaseModel->findAll()
 8 APPPATH\Controllers\PublicPages.php(18): App\Models\PengumumanModel->getLatest()
 9 SYSTEMPATH\CodeIgniter.php(974): App\Controllers\PublicPages->beranda()
10 SYSTEMPATH\CodeIgniter.php(520): CodeIgniter\CodeIgniter->runController(Object(App\Controllers\PublicPages))
11 SYSTEMPATH\CodeIgniter.php(363): CodeIgniter\CodeIgniter->handleRequest(null, Object(Config\Cache), false)
12 SYSTEMPATH\Boot.php(417): CodeIgniter\CodeIgniter->run()
13 SYSTEMPATH\Boot.php(68): CodeIgniter\Boot::runCodeIgniter(Object(CodeIgniter\CodeIgniter))
14 FCPATH\index.php(59): CodeIgniter\Boot::bootWeb(Object(Config\Paths))
15 SYSTEMPATH\rewrite.php(44): require_once('C:\\Users\\Hawwin rosyada\\Downloads\\MSI 01\\codeigniter4-framework-ab9bf33\\public\\index.php')
ERROR - 2026-07-03 11:23:32 --> Unknown column 'tanggal' in 'order clause'
in SYSTEMPATH\Database\MySQLi\Connection.php on line 300.
 1 SYSTEMPATH\Database\MySQLi\Connection.php(300): mysqli->query('SELECT *
FROM `pengumuman`
ORDER BY `tanggal` DESC', 0)
 2 SYSTEMPATH\Database\BaseConnection.php(908): CodeIgniter\Database\MySQLi\Connection->execute('SELECT *
FROM `pengumuman`
ORDER BY `tanggal` DESC')
 3 SYSTEMPATH\Database\BaseConnection.php(825): CodeIgniter\Database\BaseConnection->simpleQuery('SELECT *
FROM `pengumuman`
ORDER BY `tanggal` DESC')
 4 SYSTEMPATH\Database\BaseBuilder.php(1647): CodeIgniter\Database\BaseConnection->query('SELECT *
FROM `pengumuman`
ORDER BY `tanggal` DESC', [], false)
 5 SYSTEMPATH\Model.php(255): CodeIgniter\Database\BaseBuilder->get()
 6 SYSTEMPATH\BaseModel.php(676): CodeIgniter\Model->doFindAll(0, 0)
 7 APPPATH\Models\PengumumanModel.php(28): CodeIgniter\BaseModel->findAll()
 8 APPPATH\Controllers\PublicPages.php(69): App\Models\PengumumanModel->getAll()
 9 SYSTEMPATH\CodeIgniter.php(974): App\Controllers\PublicPages->pengumuman()
10 SYSTEMPATH\CodeIgniter.php(520): CodeIgniter\CodeIgniter->runController(Object(App\Controllers\PublicPages))
11 SYSTEMPATH\CodeIgniter.php(363): CodeIgniter\CodeIgniter->handleRequest(null, Object(Config\Cache), false)
12 SYSTEMPATH\Boot.php(417): CodeIgniter\CodeIgniter->run()
13 SYSTEMPATH\Boot.php(68): CodeIgniter\Boot::runCodeIgniter(Object(CodeIgniter\CodeIgniter))
14 FCPATH\index.php(59): CodeIgniter\Boot::bootWeb(Object(Config\Paths))
15 SYSTEMPATH\rewrite.php(44): require_once('C:\\Users\\Hawwin rosyada\\Downloads\\MSI 01\\codeigniter4-framework-ab9bf33\\public\\index.php')
ERROR - 2026-07-03 11:23:37 --> Unknown column 'tanggal' in 'order clause'
in SYSTEMPATH\Database\MySQLi\Connection.php on line 300.
 1 SYSTEMPATH\Database\MySQLi\Connection.php(300): mysqli->query('SELECT *
FROM `pengumuman`
ORDER BY `tanggal` DESC
 LIMIT 3', 0)
 2 SYSTEMPATH\Database\BaseConnection.php(908): CodeIgniter\Database\MySQLi\Connection->execute('SELECT *
FROM `pengumuman`
ORDER BY `tanggal` DESC
 LIMIT 3')
 3 SYSTEMPATH\Database\BaseConnection.php(825): CodeIgniter\Database\BaseConnection->simpleQuery('SELECT *
FROM `pengumuman`
ORDER BY `tanggal` DESC
 LIMIT 3')
 4 SYSTEMPATH\Database\BaseBuilder.php(1647): CodeIgniter\Database\BaseConnection->query('SELECT *
FROM `pengumuman`
ORDER BY `tanggal` DESC
 LIMIT 3', [], false)
 5 SYSTEMPATH\Model.php(255): CodeIgniter\Database\BaseBuilder->get()
 6 SYSTEMPATH\BaseModel.php(676): CodeIgniter\Model->doFindAll(0, 0)
 7 APPPATH\Models\PengumumanModel.php(15): CodeIgniter\BaseModel->findAll()
 8 APPPATH\Controllers\PublicPages.php(18): App\Models\PengumumanModel->getLatest()
 9 SYSTEMPATH\CodeIgniter.php(974): App\Controllers\PublicPages->beranda()
10 SYSTEMPATH\CodeIgniter.php(520): CodeIgniter\CodeIgniter->runController(Object(App\Controllers\PublicPages))
11 SYSTEMPATH\CodeIgniter.php(363): CodeIgniter\CodeIgniter->handleRequest(null, Object(Config\Cache), false)
12 SYSTEMPATH\Boot.php(417): CodeIgniter\CodeIgniter->run()
13 SYSTEMPATH\Boot.php(68): CodeIgniter\Boot::runCodeIgniter(Object(CodeIgniter\CodeIgniter))
14 FCPATH\index.php(59): CodeIgniter\Boot::bootWeb(Object(Config\Paths))
15 SYSTEMPATH\rewrite.php(44): require_once('C:\\Users\\Hawwin rosyada\\Downloads\\MSI 01\\codeigniter4-framework-ab9bf33\\public\\index.php')
ERROR - 2026-07-03 11:25:08 --> Unknown column 'tanggal' in 'order clause'
in SYSTEMPATH\Database\MySQLi\Connection.php on line 300.
 1 SYSTEMPATH\Database\MySQLi\Connection.php(300): mysqli->query('SELECT *
FROM `pengumuman`
ORDER BY `tanggal` DESC
 LIMIT 3', 0)
 2 SYSTEMPATH\Database\BaseConnection.php(908): CodeIgniter\Database\MySQLi\Connection->execute('SELECT *
FROM `pengumuman`
ORDER BY `tanggal` DESC
 LIMIT 3')
 3 SYSTEMPATH\Database\BaseConnection.php(825): CodeIgniter\Database\BaseConnection->simpleQuery('SELECT *
FROM `pengumuman`
ORDER BY `tanggal` DESC
 LIMIT 3')
 4 SYSTEMPATH\Database\BaseBuilder.php(1647): CodeIgniter\Database\BaseConnection->query('SELECT *
FROM `pengumuman`
ORDER BY `tanggal` DESC
 LIMIT 3', [], false)
 5 SYSTEMPATH\Model.php(255): CodeIgniter\Database\BaseBuilder->get()
 6 SYSTEMPATH\BaseModel.php(676): CodeIgniter\Model->doFindAll(0, 0)
 7 APPPATH\Models\PengumumanModel.php(15): CodeIgniter\BaseModel->findAll()
 8 APPPATH\Controllers\PublicPages.php(18): App\Models\PengumumanModel->getLatest()
 9 SYSTEMPATH\CodeIgniter.php(974): App\Controllers\PublicPages->beranda()
10 SYSTEMPATH\CodeIgniter.php(520): CodeIgniter\CodeIgniter->runController(Object(App\Controllers\PublicPages))
11 SYSTEMPATH\CodeIgniter.php(363): CodeIgniter\CodeIgniter->handleRequest(null, Object(Config\Cache), false)
12 SYSTEMPATH\Boot.php(417): CodeIgniter\CodeIgniter->run()
13 SYSTEMPATH\Boot.php(68): CodeIgniter\Boot::runCodeIgniter(Object(CodeIgniter\CodeIgniter))
14 FCPATH\index.php(59): CodeIgniter\Boot::bootWeb(Object(Config\Paths))
15 SYSTEMPATH\rewrite.php(44): require_once('C:\\Users\\Hawwin rosyada\\Downloads\\MSI 01\\codeigniter4-framework-ab9bf33\\public\\index.php')
ERROR - 2026-07-03 11:26:03 --> Unknown column 'tanggal' in 'order clause'
in SYSTEMPATH\Database\MySQLi\Connection.php on line 300.
 1 SYSTEMPATH\Database\MySQLi\Connection.php(300): mysqli->query('SELECT *
FROM `pengumuman`
ORDER BY `tanggal` DESC', 0)
 2 SYSTEMPATH\Database\BaseConnection.php(908): CodeIgniter\Database\MySQLi\Connection->execute('SELECT *
FROM `pengumuman`
ORDER BY `tanggal` DESC')
 3 SYSTEMPATH\Database\BaseConnection.php(825): CodeIgniter\Database\BaseConnection->simpleQuery('SELECT *
FROM `pengumuman`
ORDER BY `tanggal` DESC')
 4 SYSTEMPATH\Database\BaseBuilder.php(1647): CodeIgniter\Database\BaseConnection->query('SELECT *
FROM `pengumuman`
ORDER BY `tanggal` DESC', [], false)
 5 SYSTEMPATH\Model.php(255): CodeIgniter\Database\BaseBuilder->get()
 6 SYSTEMPATH\BaseModel.php(676): CodeIgniter\Model->doFindAll(0, 0)
 7 APPPATH\Models\PengumumanModel.php(28): CodeIgniter\BaseModel->findAll()
 8 APPPATH\Controllers\PublicPages.php(69): App\Models\PengumumanModel->getAll()
 9 SYSTEMPATH\CodeIgniter.php(974): App\Controllers\PublicPages->pengumuman()
10 SYSTEMPATH\CodeIgniter.php(520): CodeIgniter\CodeIgniter->runController(Object(App\Controllers\PublicPages))
11 SYSTEMPATH\CodeIgniter.php(363): CodeIgniter\CodeIgniter->handleRequest(null, Object(Config\Cache), false)
12 SYSTEMPATH\Boot.php(417): CodeIgniter\CodeIgniter->run()
13 SYSTEMPATH\Boot.php(68): CodeIgniter\Boot::runCodeIgniter(Object(CodeIgniter\CodeIgniter))
14 FCPATH\index.php(59): CodeIgniter\Boot::bootWeb(Object(Config\Paths))
15 SYSTEMPATH\rewrite.php(44): require_once('C:\\Users\\Hawwin rosyada\\Downloads\\MSI 01\\codeigniter4-framework-ab9bf33\\public\\index.php')
DEBUG - 2026-07-03 11:26:05 --> Session: Class initialized using 'CodeIgniter\Session\Handlers\FileHandler' driver.
ERROR - 2026-07-03 12:37:03 --> Unknown column 'tanggal' in 'order clause'
in SYSTEMPATH\Database\MySQLi\Connection.php on line 300.
 1 SYSTEMPATH\Database\MySQLi\Connection.php(300): mysqli->query('SELECT *
FROM `pengumuman`
ORDER BY `tanggal` DESC
 LIMIT 3', 0)
 2 SYSTEMPATH\Database\BaseConnection.php(908): CodeIgniter\Database\MySQLi\Connection->execute('SELECT *
FROM `pengumuman`
ORDER BY `tanggal` DESC
 LIMIT 3')
 3 SYSTEMPATH\Database\BaseConnection.php(825): CodeIgniter\Database\BaseConnection->simpleQuery('SELECT *
FROM `pengumuman`
ORDER BY `tanggal` DESC
 LIMIT 3')
 4 SYSTEMPATH\Database\BaseBuilder.php(1647): CodeIgniter\Database\BaseConnection->query('SELECT *
FROM `pengumuman`
ORDER BY `tanggal` DESC
 LIMIT 3', [], false)
 5 SYSTEMPATH\Model.php(255): CodeIgniter\Database\BaseBuilder->get()
 6 SYSTEMPATH\BaseModel.php(676): CodeIgniter\Model->doFindAll(0, 0)
 7 APPPATH\Models\PengumumanModel.php(15): CodeIgniter\BaseModel->findAll()
 8 APPPATH\Controllers\PublicPages.php(18): App\Models\PengumumanModel->getLatest()
 9 SYSTEMPATH\CodeIgniter.php(974): App\Controllers\PublicPages->beranda()
10 SYSTEMPATH\CodeIgniter.php(520): CodeIgniter\CodeIgniter->runController(Object(App\Controllers\PublicPages))
11 SYSTEMPATH\CodeIgniter.php(363): CodeIgniter\CodeIgniter->handleRequest(null, Object(Config\Cache), false)
12 SYSTEMPATH\Boot.php(417): CodeIgniter\CodeIgniter->run()
13 SYSTEMPATH\Boot.php(68): CodeIgniter\Boot::runCodeIgniter(Object(CodeIgniter\CodeIgniter))
14 FCPATH\index.php(59): CodeIgniter\Boot::bootWeb(Object(Config\Paths))
15 SYSTEMPATH\rewrite.php(44): require_once('C:\\Users\\Hawwin rosyada\\Downloads\\MSI 01\\codeigniter4-framework-ab9bf33\\public\\index.php')
ERROR - 2026-07-03 14:09:37 --> Unknown column 'tanggal' in 'order clause'
in SYSTEMPATH\Database\MySQLi\Connection.php on line 300.
 1 SYSTEMPATH\Database\MySQLi\Connection.php(300): mysqli->query('SELECT *
FROM `pengumuman`
ORDER BY `tanggal` DESC
 LIMIT 3', 0)
 2 SYSTEMPATH\Database\BaseConnection.php(908): CodeIgniter\Database\MySQLi\Connection->execute('SELECT *
FROM `pengumuman`
ORDER BY `tanggal` DESC
 LIMIT 3')
 3 SYSTEMPATH\Database\BaseConnection.php(825): CodeIgniter\Database\BaseConnection->simpleQuery('SELECT *
FROM `pengumuman`
ORDER BY `tanggal` DESC
 LIMIT 3')
 4 SYSTEMPATH\Database\BaseBuilder.php(1647): CodeIgniter\Database\BaseConnection->query('SELECT *
FROM `pengumuman`
ORDER BY `tanggal` DESC
 LIMIT 3', [], false)
 5 SYSTEMPATH\Model.php(255): CodeIgniter\Database\BaseBuilder->get()
 6 SYSTEMPATH\BaseModel.php(676): CodeIgniter\Model->doFindAll(0, 0)
 7 APPPATH\Models\PengumumanModel.php(15): CodeIgniter\BaseModel->findAll()
 8 APPPATH\Controllers\PublicPages.php(48): App\Models\PengumumanModel->getLatest()
 9 SYSTEMPATH\CodeIgniter.php(974): App\Controllers\PublicPages->beranda()
10 SYSTEMPATH\CodeIgniter.php(520): CodeIgniter\CodeIgniter->runController(Object(App\Controllers\PublicPages))
11 SYSTEMPATH\CodeIgniter.php(363): CodeIgniter\CodeIgniter->handleRequest(null, Object(Config\Cache), false)
12 SYSTEMPATH\Boot.php(417): CodeIgniter\CodeIgniter->run()
13 SYSTEMPATH\Boot.php(68): CodeIgniter\Boot::runCodeIgniter(Object(CodeIgniter\CodeIgniter))
14 FCPATH\index.php(59): CodeIgniter\Boot::bootWeb(Object(Config\Paths))
15 SYSTEMPATH\rewrite.php(44): require_once('C:\\Users\\Hawwin rosyada\\Downloads\\MSI 01\\codeigniter4-framework-ab9bf33\\public\\index.php')
ERROR - 2026-07-03 14:09:50 --> Unknown column 'tanggal' in 'order clause'
in SYSTEMPATH\Database\MySQLi\Connection.php on line 300.
 1 SYSTEMPATH\Database\MySQLi\Connection.php(300): mysqli->query('SELECT *
FROM `pengumuman`
ORDER BY `tanggal` DESC
 LIMIT 3', 0)
 2 SYSTEMPATH\Database\BaseConnection.php(908): CodeIgniter\Database\MySQLi\Connection->execute('SELECT *
FROM `pengumuman`
ORDER BY `tanggal` DESC
 LIMIT 3')
 3 SYSTEMPATH\Database\BaseConnection.php(825): CodeIgniter\Database\BaseConnection->simpleQuery('SELECT *
FROM `pengumuman`
ORDER BY `tanggal` DESC
 LIMIT 3')
 4 SYSTEMPATH\Database\BaseBuilder.php(1647): CodeIgniter\Database\BaseConnection->query('SELECT *
FROM `pengumuman`
ORDER BY `tanggal` DESC
 LIMIT 3', [], false)
 5 SYSTEMPATH\Model.php(255): CodeIgniter\Database\BaseBuilder->get()
 6 SYSTEMPATH\BaseModel.php(676): CodeIgniter\Model->doFindAll(0, 0)
 7 APPPATH\Models\PengumumanModel.php(15): CodeIgniter\BaseModel->findAll()
 8 APPPATH\Controllers\PublicPages.php(48): App\Models\PengumumanModel->getLatest()
 9 SYSTEMPATH\CodeIgniter.php(974): App\Controllers\PublicPages->beranda()
10 SYSTEMPATH\CodeIgniter.php(520): CodeIgniter\CodeIgniter->runController(Object(App\Controllers\PublicPages))
11 SYSTEMPATH\CodeIgniter.php(363): CodeIgniter\CodeIgniter->handleRequest(null, Object(Config\Cache), false)
12 SYSTEMPATH\Boot.php(417): CodeIgniter\CodeIgniter->run()
13 SYSTEMPATH\Boot.php(68): CodeIgniter\Boot::runCodeIgniter(Object(CodeIgniter\CodeIgniter))
14 FCPATH\index.php(59): CodeIgniter\Boot::bootWeb(Object(Config\Paths))
15 SYSTEMPATH\rewrite.php(44): require_once('C:\\Users\\Hawwin rosyada\\Downloads\\MSI 01\\codeigniter4-framework-ab9bf33\\public\\index.php')
ERROR - 2026-07-03 14:10:07 --> Unknown column 'tanggal' in 'order clause'
in SYSTEMPATH\Database\MySQLi\Connection.php on line 300.
 1 SYSTEMPATH\Database\MySQLi\Connection.php(300): mysqli->query('SELECT *
FROM `pengumuman`
ORDER BY `tanggal` DESC', 0)
 2 SYSTEMPATH\Database\BaseConnection.php(908): CodeIgniter\Database\MySQLi\Connection->execute('SELECT *
FROM `pengumuman`
ORDER BY `tanggal` DESC')
 3 SYSTEMPATH\Database\BaseConnection.php(825): CodeIgniter\Database\BaseConnection->simpleQuery('SELECT *
FROM `pengumuman`
ORDER BY `tanggal` DESC')
 4 SYSTEMPATH\Database\BaseBuilder.php(1647): CodeIgniter\Database\BaseConnection->query('SELECT *
FROM `pengumuman`
ORDER BY `tanggal` DESC', [], false)
 5 SYSTEMPATH\Model.php(255): CodeIgniter\Database\BaseBuilder->get()
 6 SYSTEMPATH\BaseModel.php(676): CodeIgniter\Model->doFindAll(0, 0)
 7 APPPATH\Models\PengumumanModel.php(28): CodeIgniter\BaseModel->findAll()
 8 APPPATH\Controllers\PublicPages.php(99): App\Models\PengumumanModel->getAll()
 9 SYSTEMPATH\CodeIgniter.php(974): App\Controllers\PublicPages->pengumuman()
10 SYSTEMPATH\CodeIgniter.php(520): CodeIgniter\CodeIgniter->runController(Object(App\Controllers\PublicPages))
11 SYSTEMPATH\CodeIgniter.php(363): CodeIgniter\CodeIgniter->handleRequest(null, Object(Config\Cache), false)
12 SYSTEMPATH\Boot.php(417): CodeIgniter\CodeIgniter->run()
13 SYSTEMPATH\Boot.php(68): CodeIgniter\Boot::runCodeIgniter(Object(CodeIgniter\CodeIgniter))
14 FCPATH\index.php(59): CodeIgniter\Boot::bootWeb(Object(Config\Paths))
15 SYSTEMPATH\rewrite.php(44): require_once('C:\\Users\\Hawwin rosyada\\Downloads\\MSI 01\\codeigniter4-framework-ab9bf33\\public\\index.php')
DEBUG - 2026-07-03 14:10:14 --> Session: Class initialized using 'CodeIgniter\Session\Handlers\FileHandler' driver.
DEBUG - 2026-07-03 14:10:24 --> Session: Class initialized using 'CodeIgniter\Session\Handlers\FileHandler' driver.
DEBUG - 2026-07-03 14:11:09 --> Session: Class initialized using 'CodeIgniter\Session\Handlers\FileHandler' driver.
ERROR - 2026-07-03 14:11:22 --> Unknown column 'tanggal' in 'order clause'
in SYSTEMPATH\Database\MySQLi\Connection.php on line 300.
 1 SYSTEMPATH\Database\MySQLi\Connection.php(300): mysqli->query('SELECT *
FROM `pengumuman`
ORDER BY `tanggal` DESC
 LIMIT 3', 0)
 2 SYSTEMPATH\Database\BaseConnection.php(908): CodeIgniter\Database\MySQLi\Connection->execute('SELECT *
FROM `pengumuman`
ORDER BY `tanggal` DESC
 LIMIT 3')
 3 SYSTEMPATH\Database\BaseConnection.php(825): CodeIgniter\Database\BaseConnection->simpleQuery('SELECT *
FROM `pengumuman`
ORDER BY `tanggal` DESC
 LIMIT 3')
 4 SYSTEMPATH\Database\BaseBuilder.php(1647): CodeIgniter\Database\BaseConnection->query('SELECT *
FROM `pengumuman`
ORDER BY `tanggal` DESC
 LIMIT 3', [], false)
 5 SYSTEMPATH\Model.php(255): CodeIgniter\Database\BaseBuilder->get()
 6 SYSTEMPATH\BaseModel.php(676): CodeIgniter\Model->doFindAll(0, 0)
 7 APPPATH\Models\PengumumanModel.php(15): CodeIgniter\BaseModel->findAll()
 8 APPPATH\Controllers\PublicPages.php(48): App\Models\PengumumanModel->getLatest()
 9 SYSTEMPATH\CodeIgniter.php(974): App\Controllers\PublicPages->beranda()
10 SYSTEMPATH\CodeIgniter.php(520): CodeIgniter\CodeIgniter->runController(Object(App\Controllers\PublicPages))
11 SYSTEMPATH\CodeIgniter.php(363): CodeIgniter\CodeIgniter->handleRequest(null, Object(Config\Cache), false)
12 SYSTEMPATH\Boot.php(417): CodeIgniter\CodeIgniter->run()
13 SYSTEMPATH\Boot.php(68): CodeIgniter\Boot::runCodeIgniter(Object(CodeIgniter\CodeIgniter))
14 FCPATH\index.php(59): CodeIgniter\Boot::bootWeb(Object(Config\Paths))
15 SYSTEMPATH\rewrite.php(44): require_once('C:\\Users\\Hawwin rosyada\\Downloads\\MSI 01\\codeigniter4-framework-ab9bf33\\public\\index.php')
ERROR - 2026-07-03 14:36:06 --> Unknown column 'tanggal' in 'order clause'
in SYSTEMPATH\Database\MySQLi\Connection.php on line 300.
 1 SYSTEMPATH\Database\MySQLi\Connection.php(300): mysqli->query('SELECT *
FROM `pengumuman`
ORDER BY `tanggal` DESC
 LIMIT 3', 0)
 2 SYSTEMPATH\Database\BaseConnection.php(908): CodeIgniter\Database\MySQLi\Connection->execute('SELECT *
FROM `pengumuman`
ORDER BY `tanggal` DESC
 LIMIT 3')
 3 SYSTEMPATH\Database\BaseConnection.php(825): CodeIgniter\Database\BaseConnection->simpleQuery('SELECT *
FROM `pengumuman`
ORDER BY `tanggal` DESC
 LIMIT 3')
 4 SYSTEMPATH\Database\BaseBuilder.php(1647): CodeIgniter\Database\BaseConnection->query('SELECT *
FROM `pengumuman`
ORDER BY `tanggal` DESC
 LIMIT 3', [], false)
 5 SYSTEMPATH\Model.php(255): CodeIgniter\Database\BaseBuilder->get()
 6 SYSTEMPATH\BaseModel.php(676): CodeIgniter\Model->doFindAll(0, 0)
 7 APPPATH\Models\PengumumanModel.php(15): CodeIgniter\BaseModel->findAll()
 8 APPPATH\Controllers\PublicPages.php(48): App\Models\PengumumanModel->getLatest()
 9 SYSTEMPATH\CodeIgniter.php(974): App\Controllers\PublicPages->beranda()
10 SYSTEMPATH\CodeIgniter.php(520): CodeIgniter\CodeIgniter->runController(Object(App\Controllers\PublicPages))
11 SYSTEMPATH\CodeIgniter.php(363): CodeIgniter\CodeIgniter->handleRequest(null, Object(Config\Cache), false)
12 SYSTEMPATH\Boot.php(417): CodeIgniter\CodeIgniter->run()
13 SYSTEMPATH\Boot.php(68): CodeIgniter\Boot::runCodeIgniter(Object(CodeIgniter\CodeIgniter))
14 FCPATH\index.php(59): CodeIgniter\Boot::bootWeb(Object(Config\Paths))
15 SYSTEMPATH\rewrite.php(44): require_once('C:\\Users\\Hawwin rosyada\\Downloads\\MSI 01\\codeigniter4-framework-ab9bf33\\public\\index.php')
ERROR - 2026-07-03 14:36:40 --> Unknown column 'tanggal' in 'order clause'
in SYSTEMPATH\Database\MySQLi\Connection.php on line 300.
 1 SYSTEMPATH\Database\MySQLi\Connection.php(300): mysqli->query('SELECT *
FROM `pengumuman`
ORDER BY `tanggal` DESC', 0)
 2 SYSTEMPATH\Database\BaseConnection.php(908): CodeIgniter\Database\MySQLi\Connection->execute('SELECT *
FROM `pengumuman`
ORDER BY `tanggal` DESC')
 3 SYSTEMPATH\Database\BaseConnection.php(825): CodeIgniter\Database\BaseConnection->simpleQuery('SELECT *
FROM `pengumuman`
ORDER BY `tanggal` DESC')
 4 SYSTEMPATH\Database\BaseBuilder.php(1647): CodeIgniter\Database\BaseConnection->query('SELECT *
FROM `pengumuman`
ORDER BY `tanggal` DESC', [], false)
 5 SYSTEMPATH\Model.php(255): CodeIgniter\Database\BaseBuilder->get()
 6 SYSTEMPATH\BaseModel.php(676): CodeIgniter\Model->doFindAll(0, 0)
 7 APPPATH\Models\PengumumanModel.php(28): CodeIgniter\BaseModel->findAll()
 8 APPPATH\Controllers\PublicPages.php(99): App\Models\PengumumanModel->getAll()
 9 SYSTEMPATH\CodeIgniter.php(974): App\Controllers\PublicPages->pengumuman()
10 SYSTEMPATH\CodeIgniter.php(520): CodeIgniter\CodeIgniter->runController(Object(App\Controllers\PublicPages))
11 SYSTEMPATH\CodeIgniter.php(363): CodeIgniter\CodeIgniter->handleRequest(null, Object(Config\Cache), false)
12 SYSTEMPATH\Boot.php(417): CodeIgniter\CodeIgniter->run()
13 SYSTEMPATH\Boot.php(68): CodeIgniter\Boot::runCodeIgniter(Object(CodeIgniter\CodeIgniter))
14 FCPATH\index.php(59): CodeIgniter\Boot::bootWeb(Object(Config\Paths))
15 SYSTEMPATH\rewrite.php(44): require_once('C:\\Users\\Hawwin rosyada\\Downloads\\MSI 01\\codeigniter4-framework-ab9bf33\\public\\index.php')
DEBUG - 2026-07-03 14:36:45 --> Session: Class initialized using 'CodeIgniter\Session\Handlers\FileHandler' driver.
DEBUG - 2026-07-03 14:36:53 --> Session: Class initialized using 'CodeIgniter\Session\Handlers\FileHandler' driver.
DEBUG - 2026-07-03 16:00:05 --> Session: Class initialized using 'CodeIgniter\Session\Handlers\FileHandler' driver.
ERROR - 2026-07-03 16:00:47 --> Unknown column 'tanggal' in 'order clause'
in SYSTEMPATH\Database\MySQLi\Connection.php on line 300.
 1 SYSTEMPATH\Database\MySQLi\Connection.php(300): mysqli->query('SELECT *
FROM `pengumuman`
ORDER BY `tanggal` DESC
 LIMIT 3', 0)
 2 SYSTEMPATH\Database\BaseConnection.php(908): CodeIgniter\Database\MySQLi\Connection->execute('SELECT *
FROM `pengumuman`
ORDER BY `tanggal` DESC
 LIMIT 3')
 3 SYSTEMPATH\Database\BaseConnection.php(825): CodeIgniter\Database\BaseConnection->simpleQuery('SELECT *
FROM `pengumuman`
ORDER BY `tanggal` DESC
 LIMIT 3')
 4 SYSTEMPATH\Database\BaseBuilder.php(1647): CodeIgniter\Database\BaseConnection->query('SELECT *
FROM `pengumuman`
ORDER BY `tanggal` DESC
 LIMIT 3', [], false)
 5 SYSTEMPATH\Model.php(255): CodeIgniter\Database\BaseBuilder->get()
 6 SYSTEMPATH\BaseModel.php(676): CodeIgniter\Model->doFindAll(0, 0)
 7 APPPATH\Models\PengumumanModel.php(15): CodeIgniter\BaseModel->findAll()
 8 APPPATH\Controllers\PublicPages.php(48): App\Models\PengumumanModel->getLatest()
 9 SYSTEMPATH\CodeIgniter.php(974): App\Controllers\PublicPages->beranda()
10 SYSTEMPATH\CodeIgniter.php(520): CodeIgniter\CodeIgniter->runController(Object(App\Controllers\PublicPages))
11 SYSTEMPATH\CodeIgniter.php(363): CodeIgniter\CodeIgniter->handleRequest(null, Object(Config\Cache), false)
12 SYSTEMPATH\Boot.php(417): CodeIgniter\CodeIgniter->run()
13 SYSTEMPATH\Boot.php(68): CodeIgniter\Boot::runCodeIgniter(Object(CodeIgniter\CodeIgniter))
14 FCPATH\index.php(59): CodeIgniter\Boot::bootWeb(Object(Config\Paths))
15 SYSTEMPATH\rewrite.php(44): require_once('C:\\Users\\Hawwin rosyada\\Downloads\\MSI 01\\codeigniter4-framework-ab9bf33\\public\\index.php')
ERROR - 2026-07-03 16:10:02 --> Unknown column 'tanggal' in 'order clause'
in SYSTEMPATH\Database\MySQLi\Connection.php on line 300.
 1 SYSTEMPATH\Database\MySQLi\Connection.php(300): mysqli->query('SELECT *
FROM `pengumuman`
ORDER BY `tanggal` DESC
 LIMIT 3', 0)
 2 SYSTEMPATH\Database\BaseConnection.php(908): CodeIgniter\Database\MySQLi\Connection->execute('SELECT *
FROM `pengumuman`
ORDER BY `tanggal` DESC
 LIMIT 3')
 3 SYSTEMPATH\Database\BaseConnection.php(825): CodeIgniter\Database\BaseConnection->simpleQuery('SELECT *
FROM `pengumuman`
ORDER BY `tanggal` DESC
 LIMIT 3')
 4 SYSTEMPATH\Database\BaseBuilder.php(1647): CodeIgniter\Database\BaseConnection->query('SELECT *
FROM `pengumuman`
ORDER BY `tanggal` DESC
 LIMIT 3', [], false)
 5 SYSTEMPATH\Model.php(255): CodeIgniter\Database\BaseBuilder->get()
 6 SYSTEMPATH\BaseModel.php(676): CodeIgniter\Model->doFindAll(0, 0)
 7 APPPATH\Models\PengumumanModel.php(15): CodeIgniter\BaseModel->findAll()
 8 APPPATH\Controllers\PublicPages.php(48): App\Models\PengumumanModel->getLatest()
 9 SYSTEMPATH\CodeIgniter.php(974): App\Controllers\PublicPages->beranda()
10 SYSTEMPATH\CodeIgniter.php(520): CodeIgniter\CodeIgniter->runController(Object(App\Controllers\PublicPages))
11 SYSTEMPATH\CodeIgniter.php(363): CodeIgniter\CodeIgniter->handleRequest(null, Object(Config\Cache), false)
12 SYSTEMPATH\Boot.php(417): CodeIgniter\CodeIgniter->run()
13 SYSTEMPATH\Boot.php(68): CodeIgniter\Boot::runCodeIgniter(Object(CodeIgniter\CodeIgniter))
14 FCPATH\index.php(59): CodeIgniter\Boot::bootWeb(Object(Config\Paths))
15 SYSTEMPATH\rewrite.php(44): require_once('C:\\Users\\Hawwin rosyada\\Downloads\\MSI 01\\codeigniter4-framework-ab9bf33\\public\\index.php')
ERROR - 2026-07-03 16:10:38 --> Unknown column 'tanggal' in 'order clause'
in SYSTEMPATH\Database\MySQLi\Connection.php on line 300.
 1 SYSTEMPATH\Database\MySQLi\Connection.php(300): mysqli->query('SELECT *
FROM `pengumuman`
ORDER BY `tanggal` DESC
 LIMIT 3', 0)
 2 SYSTEMPATH\Database\BaseConnection.php(908): CodeIgniter\Database\MySQLi\Connection->execute('SELECT *
FROM `pengumuman`
ORDER BY `tanggal` DESC
 LIMIT 3')
 3 SYSTEMPATH\Database\BaseConnection.php(825): CodeIgniter\Database\BaseConnection->simpleQuery('SELECT *
FROM `pengumuman`
ORDER BY `tanggal` DESC
 LIMIT 3')
 4 SYSTEMPATH\Database\BaseBuilder.php(1647): CodeIgniter\Database\BaseConnection->query('SELECT *
FROM `pengumuman`
ORDER BY `tanggal` DESC
 LIMIT 3', [], false)
 5 SYSTEMPATH\Model.php(255): CodeIgniter\Database\BaseBuilder->get()
 6 SYSTEMPATH\BaseModel.php(676): CodeIgniter\Model->doFindAll(0, 0)
 7 APPPATH\Models\PengumumanModel.php(15): CodeIgniter\BaseModel->findAll()
 8 APPPATH\Controllers\PublicPages.php(48): App\Models\PengumumanModel->getLatest()
 9 SYSTEMPATH\CodeIgniter.php(974): App\Controllers\PublicPages->beranda()
10 SYSTEMPATH\CodeIgniter.php(520): CodeIgniter\CodeIgniter->runController(Object(App\Controllers\PublicPages))
11 SYSTEMPATH\CodeIgniter.php(363): CodeIgniter\CodeIgniter->handleRequest(null, Object(Config\Cache), false)
12 SYSTEMPATH\Boot.php(417): CodeIgniter\CodeIgniter->run()
13 SYSTEMPATH\Boot.php(68): CodeIgniter\Boot::runCodeIgniter(Object(CodeIgniter\CodeIgniter))
14 FCPATH\index.php(59): CodeIgniter\Boot::bootWeb(Object(Config\Paths))
15 SYSTEMPATH\rewrite.php(44): require_once('C:\\Users\\Hawwin rosyada\\Downloads\\MSI 01\\codeigniter4-framework-ab9bf33\\public\\index.php')
ERROR - 2026-07-03 16:10:42 --> Unknown column 'tanggal' in 'order clause'
in SYSTEMPATH\Database\MySQLi\Connection.php on line 300.
 1 SYSTEMPATH\Database\MySQLi\Connection.php(300): mysqli->query('SELECT *
FROM `pengumuman`
ORDER BY `tanggal` DESC
 LIMIT 3', 0)
 2 SYSTEMPATH\Database\BaseConnection.php(908): CodeIgniter\Database\MySQLi\Connection->execute('SELECT *
FROM `pengumuman`
ORDER BY `tanggal` DESC
 LIMIT 3')
 3 SYSTEMPATH\Database\BaseConnection.php(825): CodeIgniter\Database\BaseConnection->simpleQuery('SELECT *
FROM `pengumuman`
ORDER BY `tanggal` DESC
 LIMIT 3')
 4 SYSTEMPATH\Database\BaseBuilder.php(1647): CodeIgniter\Database\BaseConnection->query('SELECT *
FROM `pengumuman`
ORDER BY `tanggal` DESC
 LIMIT 3', [], false)
 5 SYSTEMPATH\Model.php(255): CodeIgniter\Database\BaseBuilder->get()
 6 SYSTEMPATH\BaseModel.php(676): CodeIgniter\Model->doFindAll(0, 0)
 7 APPPATH\Models\PengumumanModel.php(15): CodeIgniter\BaseModel->findAll()
 8 APPPATH\Controllers\PublicPages.php(48): App\Models\PengumumanModel->getLatest()
 9 SYSTEMPATH\CodeIgniter.php(974): App\Controllers\PublicPages->beranda()
10 SYSTEMPATH\CodeIgniter.php(520): CodeIgniter\CodeIgniter->runController(Object(App\Controllers\PublicPages))
11 SYSTEMPATH\CodeIgniter.php(363): CodeIgniter\CodeIgniter->handleRequest(null, Object(Config\Cache), false)
12 SYSTEMPATH\Boot.php(417): CodeIgniter\CodeIgniter->run()
13 SYSTEMPATH\Boot.php(68): CodeIgniter\Boot::runCodeIgniter(Object(CodeIgniter\CodeIgniter))
14 FCPATH\index.php(59): CodeIgniter\Boot::bootWeb(Object(Config\Paths))
15 SYSTEMPATH\rewrite.php(44): require_once('C:\\Users\\Hawwin rosyada\\Downloads\\MSI 01\\codeigniter4-framework-ab9bf33\\public\\index.php')
ERROR - 2026-07-03 16:10:42 --> Unknown column 'tanggal' in 'order clause'
in SYSTEMPATH\Database\MySQLi\Connection.php on line 300.
 1 SYSTEMPATH\Database\MySQLi\Connection.php(300): mysqli->query('SELECT *
FROM `pengumuman`
ORDER BY `tanggal` DESC
 LIMIT 3', 0)
 2 SYSTEMPATH\Database\BaseConnection.php(908): CodeIgniter\Database\MySQLi\Connection->execute('SELECT *
FROM `pengumuman`
ORDER BY `tanggal` DESC
 LIMIT 3')
 3 SYSTEMPATH\Database\BaseConnection.php(825): CodeIgniter\Database\BaseConnection->simpleQuery('SELECT *
FROM `pengumuman`
ORDER BY `tanggal` DESC
 LIMIT 3')
 4 SYSTEMPATH\Database\BaseBuilder.php(1647): CodeIgniter\Database\BaseConnection->query('SELECT *
FROM `pengumuman`
ORDER BY `tanggal` DESC
 LIMIT 3', [], false)
 5 SYSTEMPATH\Model.php(255): CodeIgniter\Database\BaseBuilder->get()
 6 SYSTEMPATH\BaseModel.php(676): CodeIgniter\Model->doFindAll(0, 0)
 7 APPPATH\Models\PengumumanModel.php(15): CodeIgniter\BaseModel->findAll()
 8 APPPATH\Controllers\PublicPages.php(48): App\Models\PengumumanModel->getLatest()
 9 SYSTEMPATH\CodeIgniter.php(974): App\Controllers\PublicPages->beranda()
10 SYSTEMPATH\CodeIgniter.php(520): CodeIgniter\CodeIgniter->runController(Object(App\Controllers\PublicPages))
11 SYSTEMPATH\CodeIgniter.php(363): CodeIgniter\CodeIgniter->handleRequest(null, Object(Config\Cache), false)
12 SYSTEMPATH\Boot.php(417): CodeIgniter\CodeIgniter->run()
13 SYSTEMPATH\Boot.php(68): CodeIgniter\Boot::runCodeIgniter(Object(CodeIgniter\CodeIgniter))
14 FCPATH\index.php(59): CodeIgniter\Boot::bootWeb(Object(Config\Paths))
15 SYSTEMPATH\rewrite.php(44): require_once('C:\\Users\\Hawwin rosyada\\Downloads\\MSI 01\\codeigniter4-framework-ab9bf33\\public\\index.php')
ERROR - 2026-07-03 16:10:55 --> Unknown column 'tanggal' in 'order clause'
in SYSTEMPATH\Database\MySQLi\Connection.php on line 300.
 1 SYSTEMPATH\Database\MySQLi\Connection.php(300): mysqli->query('SELECT *
FROM `pengumuman`
ORDER BY `tanggal` DESC', 0)
 2 SYSTEMPATH\Database\BaseConnection.php(908): CodeIgniter\Database\MySQLi\Connection->execute('SELECT *
FROM `pengumuman`
ORDER BY `tanggal` DESC')
 3 SYSTEMPATH\Database\BaseConnection.php(825): CodeIgniter\Database\BaseConnection->simpleQuery('SELECT *
FROM `pengumuman`
ORDER BY `tanggal` DESC')
 4 SYSTEMPATH\Database\BaseBuilder.php(1647): CodeIgniter\Database\BaseConnection->query('SELECT *
FROM `pengumuman`
ORDER BY `tanggal` DESC', [], false)
 5 SYSTEMPATH\Model.php(255): CodeIgniter\Database\BaseBuilder->get()
 6 SYSTEMPATH\BaseModel.php(676): CodeIgniter\Model->doFindAll(0, 0)
 7 APPPATH\Models\PengumumanModel.php(28): CodeIgniter\BaseModel->findAll()
 8 APPPATH\Controllers\PublicPages.php(99): App\Models\PengumumanModel->getAll()
 9 SYSTEMPATH\CodeIgniter.php(974): App\Controllers\PublicPages->pengumuman()
10 SYSTEMPATH\CodeIgniter.php(520): CodeIgniter\CodeIgniter->runController(Object(App\Controllers\PublicPages))
11 SYSTEMPATH\CodeIgniter.php(363): CodeIgniter\CodeIgniter->handleRequest(null, Object(Config\Cache), false)
12 SYSTEMPATH\Boot.php(417): CodeIgniter\CodeIgniter->run()
13 SYSTEMPATH\Boot.php(68): CodeIgniter\Boot::runCodeIgniter(Object(CodeIgniter\CodeIgniter))
14 FCPATH\index.php(59): CodeIgniter\Boot::bootWeb(Object(Config\Paths))
15 SYSTEMPATH\rewrite.php(44): require_once('C:\\Users\\Hawwin rosyada\\Downloads\\MSI 01\\codeigniter4-framework-ab9bf33\\public\\index.php')
DEBUG - 2026-07-03 16:10:58 --> Session: Class initialized using 'CodeIgniter\Session\Handlers\FileHandler' driver.
DEBUG - 2026-07-03 16:11:01 --> Session: Class initialized using 'CodeIgniter\Session\Handlers\FileHandler' driver.
ERROR - 2026-07-03 16:11:08 --> Unknown column 'tanggal' in 'order clause'
in SYSTEMPATH\Database\MySQLi\Connection.php on line 300.
 1 SYSTEMPATH\Database\MySQLi\Connection.php(300): mysqli->query('SELECT *
FROM `pengumuman`
ORDER BY `tanggal` DESC
 LIMIT 3', 0)
 2 SYSTEMPATH\Database\BaseConnection.php(908): CodeIgniter\Database\MySQLi\Connection->execute('SELECT *
FROM `pengumuman`
ORDER BY `tanggal` DESC
 LIMIT 3')
 3 SYSTEMPATH\Database\BaseConnection.php(825): CodeIgniter\Database\BaseConnection->simpleQuery('SELECT *
FROM `pengumuman`
ORDER BY `tanggal` DESC
 LIMIT 3')
 4 SYSTEMPATH\Database\BaseBuilder.php(1647): CodeIgniter\Database\BaseConnection->query('SELECT *
FROM `pengumuman`
ORDER BY `tanggal` DESC
 LIMIT 3', [], false)
 5 SYSTEMPATH\Model.php(255): CodeIgniter\Database\BaseBuilder->get()
 6 SYSTEMPATH\BaseModel.php(676): CodeIgniter\Model->doFindAll(0, 0)
 7 APPPATH\Models\PengumumanModel.php(15): CodeIgniter\BaseModel->findAll()
 8 APPPATH\Controllers\PublicPages.php(48): App\Models\PengumumanModel->getLatest()
 9 SYSTEMPATH\CodeIgniter.php(974): App\Controllers\PublicPages->beranda()
10 SYSTEMPATH\CodeIgniter.php(520): CodeIgniter\CodeIgniter->runController(Object(App\Controllers\PublicPages))
11 SYSTEMPATH\CodeIgniter.php(363): CodeIgniter\CodeIgniter->handleRequest(null, Object(Config\Cache), false)
12 SYSTEMPATH\Boot.php(417): CodeIgniter\CodeIgniter->run()
13 SYSTEMPATH\Boot.php(68): CodeIgniter\Boot::runCodeIgniter(Object(CodeIgniter\CodeIgniter))
14 FCPATH\index.php(59): CodeIgniter\Boot::bootWeb(Object(Config\Paths))
15 SYSTEMPATH\rewrite.php(44): require_once('C:\\Users\\Hawwin rosyada\\Downloads\\MSI 01\\codeigniter4-framework-ab9bf33\\public\\index.php')
ERROR - 2026-07-03 16:14:57 --> Unknown column 'tanggal' in 'order clause'
in SYSTEMPATH\Database\MySQLi\Connection.php on line 300.
 1 SYSTEMPATH\Database\MySQLi\Connection.php(300): mysqli->query('SELECT *
FROM `pengumuman`
ORDER BY `tanggal` DESC
 LIMIT 3', 0)
 2 SYSTEMPATH\Database\BaseConnection.php(908): CodeIgniter\Database\MySQLi\Connection->execute('SELECT *
FROM `pengumuman`
ORDER BY `tanggal` DESC
 LIMIT 3')
 3 SYSTEMPATH\Database\BaseConnection.php(825): CodeIgniter\Database\BaseConnection->simpleQuery('SELECT *
FROM `pengumuman`
ORDER BY `tanggal` DESC
 LIMIT 3')
 4 SYSTEMPATH\Database\BaseBuilder.php(1647): CodeIgniter\Database\BaseConnection->query('SELECT *
FROM `pengumuman`
ORDER BY `tanggal` DESC
 LIMIT 3', [], false)
 5 SYSTEMPATH\Model.php(255): CodeIgniter\Database\BaseBuilder->get()
 6 SYSTEMPATH\BaseModel.php(676): CodeIgniter\Model->doFindAll(0, 0)
 7 APPPATH\Models\PengumumanModel.php(15): CodeIgniter\BaseModel->findAll()
 8 APPPATH\Controllers\PublicPages.php(48): App\Models\PengumumanModel->getLatest()
 9 SYSTEMPATH\CodeIgniter.php(974): App\Controllers\PublicPages->beranda()
10 SYSTEMPATH\CodeIgniter.php(520): CodeIgniter\CodeIgniter->runController(Object(App\Controllers\PublicPages))
11 SYSTEMPATH\CodeIgniter.php(363): CodeIgniter\CodeIgniter->handleRequest(null, Object(Config\Cache), false)
12 SYSTEMPATH\Boot.php(417): CodeIgniter\CodeIgniter->run()
13 SYSTEMPATH\Boot.php(68): CodeIgniter\Boot::runCodeIgniter(Object(CodeIgniter\CodeIgniter))
14 FCPATH\index.php(59): CodeIgniter\Boot::bootWeb(Object(Config\Paths))
15 SYSTEMPATH\rewrite.php(44): require_once('C:\\Users\\Hawwin rosyada\\Downloads\\MSI 01\\codeigniter4-framework-ab9bf33\\public\\index.php')
ERROR - 2026-07-03 16:15:04 --> Unknown column 'tanggal' in 'order clause'
in SYSTEMPATH\Database\MySQLi\Connection.php on line 300.
 1 SYSTEMPATH\Database\MySQLi\Connection.php(300): mysqli->query('SELECT *
FROM `pengumuman`
ORDER BY `tanggal` DESC
 LIMIT 3', 0)
 2 SYSTEMPATH\Database\BaseConnection.php(908): CodeIgniter\Database\MySQLi\Connection->execute('SELECT *
FROM `pengumuman`
ORDER BY `tanggal` DESC
 LIMIT 3')
 3 SYSTEMPATH\Database\BaseConnection.php(825): CodeIgniter\Database\BaseConnection->simpleQuery('SELECT *
FROM `pengumuman`
ORDER BY `tanggal` DESC
 LIMIT 3')
 4 SYSTEMPATH\Database\BaseBuilder.php(1647): CodeIgniter\Database\BaseConnection->query('SELECT *
FROM `pengumuman`
ORDER BY `tanggal` DESC
 LIMIT 3', [], false)
 5 SYSTEMPATH\Model.php(255): CodeIgniter\Database\BaseBuilder->get()
 6 SYSTEMPATH\BaseModel.php(676): CodeIgniter\Model->doFindAll(0, 0)
 7 APPPATH\Models\PengumumanModel.php(15): CodeIgniter\BaseModel->findAll()
 8 APPPATH\Controllers\PublicPages.php(48): App\Models\PengumumanModel->getLatest()
 9 SYSTEMPATH\CodeIgniter.php(974): App\Controllers\PublicPages->beranda()
10 SYSTEMPATH\CodeIgniter.php(520): CodeIgniter\CodeIgniter->runController(Object(App\Controllers\PublicPages))
11 SYSTEMPATH\CodeIgniter.php(363): CodeIgniter\CodeIgniter->handleRequest(null, Object(Config\Cache), false)
12 SYSTEMPATH\Boot.php(417): CodeIgniter\CodeIgniter->run()
13 SYSTEMPATH\Boot.php(68): CodeIgniter\Boot::runCodeIgniter(Object(CodeIgniter\CodeIgniter))
14 FCPATH\index.php(59): CodeIgniter\Boot::bootWeb(Object(Config\Paths))
15 SYSTEMPATH\rewrite.php(44): require_once('C:\\Users\\Hawwin rosyada\\Downloads\\MSI 01\\codeigniter4-framework-ab9bf33\\public\\index.php')
ERROR - 2026-07-03 16:36:16 --> Unknown column 'tanggal' in 'order clause'
in SYSTEMPATH\Database\MySQLi\Connection.php on line 300.
 1 SYSTEMPATH\Database\MySQLi\Connection.php(300): mysqli->query('SELECT *
FROM `pengumuman`
ORDER BY `tanggal` DESC
 LIMIT 3', 0)
 2 SYSTEMPATH\Database\BaseConnection.php(908): CodeIgniter\Database\MySQLi\Connection->execute('SELECT *
FROM `pengumuman`
ORDER BY `tanggal` DESC
 LIMIT 3')
 3 SYSTEMPATH\Database\BaseConnection.php(825): CodeIgniter\Database\BaseConnection->simpleQuery('SELECT *
FROM `pengumuman`
ORDER BY `tanggal` DESC
 LIMIT 3')
 4 SYSTEMPATH\Database\BaseBuilder.php(1647): CodeIgniter\Database\BaseConnection->query('SELECT *
FROM `pengumuman`
ORDER BY `tanggal` DESC
 LIMIT 3', [], false)
 5 SYSTEMPATH\Model.php(255): CodeIgniter\Database\BaseBuilder->get()
 6 SYSTEMPATH\BaseModel.php(676): CodeIgniter\Model->doFindAll(0, 0)
 7 APPPATH\Models\PengumumanModel.php(15): CodeIgniter\BaseModel->findAll()
 8 APPPATH\Controllers\PublicPages.php(48): App\Models\PengumumanModel->getLatest()
 9 SYSTEMPATH\CodeIgniter.php(974): App\Controllers\PublicPages->beranda()
10 SYSTEMPATH\CodeIgniter.php(520): CodeIgniter\CodeIgniter->runController(Object(App\Controllers\PublicPages))
11 SYSTEMPATH\CodeIgniter.php(363): CodeIgniter\CodeIgniter->handleRequest(null, Object(Config\Cache), false)
12 SYSTEMPATH\Boot.php(417): CodeIgniter\CodeIgniter->run()
13 SYSTEMPATH\Boot.php(68): CodeIgniter\Boot::runCodeIgniter(Object(CodeIgniter\CodeIgniter))
14 FCPATH\index.php(59): CodeIgniter\Boot::bootWeb(Object(Config\Paths))
15 SYSTEMPATH\rewrite.php(44): require_once('C:\\Users\\Hawwin rosyada\\Downloads\\MSI 01\\codeigniter4-framework-ab9bf33\\public\\index.php')
